   Compiling kameo_remote v0.1.0 (/Users/greg/Dev/git/kameo_remote)
warning: variable does not need to be mutable
   --> src/handle.rs:881:21
    |
881 |                 let mut pool = registry.connection_pool.lock().await;
    |                     ----^^^^
    |                     |
    |                     help: remove this `mut`
    |
    = note: `#[warn(unused_mut)]` (part of `#[warn(unused)]`) on by default

warning: method `get_connection_direct` is never used
    --> src/registry.rs:2834:19
     |
 526 | impl GossipRegistry {
     | ------------------- method in this implementation
...
2834 |     pub(crate) fn get_connection_direct(
     |                   ^^^^^^^^^^^^^^^^^^^^^
     |
     = note: `#[warn(dead_code)]` (part of `#[warn(unused)]`) on by default

warning: `kameo_remote` (lib) generated 2 warnings (run `cargo fix --lib -p kameo_remote` to apply 1 suggestion)
    Finished `test` profile [unoptimized + debuginfo] target(s) in 3.41s
     Running tests/peer_discovery_tests.rs (target/debug/deps/peer_discovery_tests-25aaa8947653f1fc)

running 1 test
DEBUG: Client connecting TLS to 127.0.0.1:62611...
DEBUG: Client connecting TLS to 127.0.0.1:62611...
DEBUG: HIT handle_connection for 127.0.0.1:62614
DEBUG: HIT handle_connection for 127.0.0.1:62615
DEBUG: Client connecting TLS to 127.0.0.1:62613...
DEBUG: Client TLS connected to 127.0.0.1:62611
DEBUG: Client performing Hello handshake with 127.0.0.1:62611...
DEBUG: Sending Hello...
DEBUG: Sent Hello, reading...
DEBUG: HIT handle_connection for 127.0.0.1:62616
DEBUG: Client TLS connected to 127.0.0.1:62611
DEBUG: Client performing Hello handshake with 127.0.0.1:62611...
DEBUG: Sending Hello...
DEBUG: Sent Hello, reading...
DEBUG: HIT handle_tls_connection for 127.0.0.1:62614
DEBUG: Sending Hello...
DEBUG: Sent Hello, reading...
DEBUG: Read Hello
DEBUG: Handshake success for 127.0.0.1:62614
DEBUG: Spawning handle_incoming_connection_tls for 127.0.0.1:62614
DEBUG: Spawn starts for 127.0.0.1:62614
DEBUG: HIT handle_incoming_connection_tls for 127.0.0.1:62614
DEBUG: HIT handle_tls_connection for 127.0.0.1:62615
DEBUG: Sending Hello...
DEBUG: Sent Hello, reading...
DEBUG: Read Hello
DEBUG: Handshake success for 127.0.0.1:62615
DEBUG: Spawning handle_incoming_connection_tls for 127.0.0.1:62615
DEBUG: Client TLS connected to 127.0.0.1:62613
DEBUG: Client performing Hello handshake with 127.0.0.1:62613...
DEBUG: Sending Hello...
DEBUG: Sent Hello, reading...
DEBUG: Read Hello
DEBUG: Spawn starts for 127.0.0.1:62615
DEBUG: HIT handle_incoming_connection_tls for 127.0.0.1:62615
DEBUG: Read Hello
DEBUG: HIT handle_tls_connection for 127.0.0.1:62616
DEBUG: Sending Hello...
DEBUG: Sent Hello, reading...
DEBUG: Read Hello
DEBUG: Handshake success for 127.0.0.1:62616
DEBUG: Spawning handle_incoming_connection_tls for 127.0.0.1:62616
DEBUG: Spawn starts for 127.0.0.1:62616
DEBUG: HIT handle_incoming_connection_tls for 127.0.0.1:62616
DEBUG: Read Hello
DEBUG: Updated pool mapping: 07eaab97770ccad23d64b6bfdaf24304e9048e69678f85cd7323d31e4fb4a875 -> 127.0.0.1:62611
DEBUG: Client connecting TLS to 127.0.0.1:62612...
DEBUG: HIT handle_connection for 127.0.0.1:62617
DEBUG: HIT handle_connection for 127.0.0.1:62618
DEBUG: Client connecting TLS to 127.0.0.1:62612...
DEBUG: Client TLS connected to 127.0.0.1:62612
DEBUG: Client performing Hello handshake with 127.0.0.1:62612...
DEBUG: Sending Hello...
DEBUG: Sent Hello, reading...
DEBUG: Client TLS connected to 127.0.0.1:62612
DEBUG: Client performing Hello handshake with 127.0.0.1:62612...
DEBUG: Sending Hello...
DEBUG: Sent Hello, reading...
DEBUG: HIT handle_tls_connection for 127.0.0.1:62617
DEBUG: Sending Hello...
DEBUG: Sent Hello, reading...
DEBUG: Read Hello
DEBUG: Handshake success for 127.0.0.1:62617
DEBUG: Spawning handle_incoming_connection_tls for 127.0.0.1:62617
DEBUG: Spawn starts for 127.0.0.1:62617
DEBUG: HIT handle_incoming_connection_tls for 127.0.0.1:62617
DEBUG: HIT handle_tls_connection for 127.0.0.1:62618
DEBUG: Sending Hello...
DEBUG: Sent Hello, reading...
DEBUG: Read Hello
DEBUG: Handshake success for 127.0.0.1:62618
DEBUG: Spawning handle_incoming_connection_tls for 127.0.0.1:62618
DEBUG: Read Hello
DEBUG: Spawn starts for 127.0.0.1:62618
DEBUG: HIT handle_incoming_connection_tls for 127.0.0.1:62618
DEBUG: Updated pool mapping: 11eae0a79efb08ad3fd353b93ae6c73e3ff549a2869fb16e44fe9e25415438e6 -> 127.0.0.1:62612
DEBUG: Updated pool mapping: c8739c1c35b9a5e17791dab1d99ec7e5c8bed052cc6d703c780478263582b22a -> 127.0.0.1:62613
DEBUG: Read Hello
DEBUG: Updated pool mapping: 07eaab97770ccad23d64b6bfdaf24304e9048e69678f85cd7323d31e4fb4a875 -> 127.0.0.1:62611
DEBUG: Client connecting TLS to 127.0.0.1:62613...
DEBUG: HIT handle_connection for 127.0.0.1:62619
DEBUG: Client TLS connected to 127.0.0.1:62613
DEBUG: Client performing Hello handshake with 127.0.0.1:62613...
DEBUG: Sending Hello...
DEBUG: Sent Hello, reading...
DEBUG: HIT handle_tls_connection for 127.0.0.1:62619
DEBUG: Sending Hello...
DEBUG: Sent Hello, reading...
DEBUG: Read Hello
DEBUG: Handshake success for 127.0.0.1:62619
DEBUG: Spawning handle_incoming_connection_tls for 127.0.0.1:62619
DEBUG: Spawn starts for 127.0.0.1:62619
DEBUG: HIT handle_incoming_connection_tls for 127.0.0.1:62619
DEBUG: Read Hello
DEBUG: Updated pool mapping: c8739c1c35b9a5e17791dab1d99ec7e5c8bed052cc6d703c780478263582b22a -> 127.0.0.1:62613
DEBUG: Updated pool mapping: 11eae0a79efb08ad3fd353b93ae6c73e3ff549a2869fb16e44fe9e25415438e6 -> 127.0.0.1:62612
DEBUG: Client connecting TLS to 127.0.0.1:62611...
DEBUG: HIT handle_connection for 127.0.0.1:62634
DEBUG: Client TLS connected to 127.0.0.1:62611
DEBUG: Client performing Hello handshake with 127.0.0.1:62611...
DEBUG: Sending Hello...
DEBUG: Sent Hello, reading...
DEBUG: HIT handle_tls_connection for 127.0.0.1:62634
DEBUG: Sending Hello...
DEBUG: Sent Hello, reading...
DEBUG: Read Hello
DEBUG: Handshake success for 127.0.0.1:62634
DEBUG: Spawning handle_incoming_connection_tls for 127.0.0.1:62634
DEBUG: Spawn starts for 127.0.0.1:62634
DEBUG: HIT handle_incoming_connection_tls for 127.0.0.1:62634
DEBUG: Read Hello
DEBUG: Updated pool mapping: 11eae0a79efb08ad3fd353b93ae6c73e3ff549a2869fb16e44fe9e25415438e6 -> 127.0.0.1:62612
DEBUG: Client connecting TLS to 127.0.0.1:62612...
DEBUG: HIT handle_connection for 127.0.0.1:62637
DEBUG: Client TLS connected to 127.0.0.1:62612
DEBUG: Client performing Hello handshake with 127.0.0.1:62612...
DEBUG: Sending Hello...
DEBUG: Sent Hello, reading...
DEBUG: HIT handle_tls_connection for 127.0.0.1:62637
DEBUG: Sending Hello...
DEBUG: Sent Hello, reading...
DEBUG: Read Hello
DEBUG: Handshake success for 127.0.0.1:62637
DEBUG: Spawning handle_incoming_connection_tls for 127.0.0.1:62637
DEBUG: Spawn starts for 127.0.0.1:62637
DEBUG: HIT handle_incoming_connection_tls for 127.0.0.1:62637
DEBUG: Read Hello
DEBUG: Updated pool mapping: c8739c1c35b9a5e17791dab1d99ec7e5c8bed052cc6d703c780478263582b22a -> 127.0.0.1:62613
DEBUG: Client connecting TLS to 127.0.0.1:62613...
DEBUG: HIT handle_connection for 127.0.0.1:62642
DEBUG: Client TLS connected to 127.0.0.1:62613
DEBUG: Client performing Hello handshake with 127.0.0.1:62613...
DEBUG: Sending Hello...
DEBUG: Sent Hello, reading...
DEBUG: HIT handle_tls_connection for 127.0.0.1:62642
DEBUG: Sending Hello...
DEBUG: Sent Hello, reading...
DEBUG: Read Hello
DEBUG: Handshake success for 127.0.0.1:62642
DEBUG: Spawning handle_incoming_connection_tls for 127.0.0.1:62642
DEBUG: Spawn starts for 127.0.0.1:62642
DEBUG: HIT handle_incoming_connection_tls for 127.0.0.1:62642
DEBUG: Read Hello
DEBUG: Updated pool mapping: 07eaab97770ccad23d64b6bfdaf24304e9048e69678f85cd7323d31e4fb4a875 -> 127.0.0.1:62611
DEBUG: Client connecting TLS to 127.0.0.1:62612...
DEBUG: HIT handle_connection for 127.0.0.1:62644
DEBUG: Client TLS connected to 127.0.0.1:62612
DEBUG: Client performing Hello handshake with 127.0.0.1:62612...
DEBUG: Sending Hello...
DEBUG: Sent Hello, reading...
DEBUG: HIT handle_tls_connection for 127.0.0.1:62644
DEBUG: Sending Hello...
DEBUG: Sent Hello, reading...
DEBUG: Read Hello
DEBUG: Handshake success for 127.0.0.1:62644
DEBUG: Spawning handle_incoming_connection_tls for 127.0.0.1:62644
DEBUG: Read Hello
DEBUG: Spawn starts for 127.0.0.1:62644
DEBUG: HIT handle_incoming_connection_tls for 127.0.0.1:62644
DEBUG: Updated pool mapping: 07eaab97770ccad23d64b6bfdaf24304e9048e69678f85cd7323d31e4fb4a875 -> 127.0.0.1:62611
DEBUG: Client connecting TLS to 127.0.0.1:62613...
DEBUG: HIT handle_connection for 127.0.0.1:62648
DEBUG: Client TLS connected to 127.0.0.1:62613
DEBUG: Client performing Hello handshake with 127.0.0.1:62613...
DEBUG: Sending Hello...
DEBUG: Sent Hello, reading...
DEBUG: HIT handle_tls_connection for 127.0.0.1:62648
DEBUG: Sending Hello...
DEBUG: Sent Hello, reading...
DEBUG: Read Hello
DEBUG: Handshake success for 127.0.0.1:62648
DEBUG: Spawning handle_incoming_connection_tls for 127.0.0.1:62648
DEBUG: Spawn starts for 127.0.0.1:62648
DEBUG: HIT handle_incoming_connection_tls for 127.0.0.1:62648
DEBUG: Read Hello
DEBUG: Updated pool mapping: 11eae0a79efb08ad3fd353b93ae6c73e3ff549a2869fb16e44fe9e25415438e6 -> 127.0.0.1:62612
DEBUG: Client connecting TLS to 127.0.0.1:62613...
DEBUG: HIT handle_connection for 127.0.0.1:62655
DEBUG: Client TLS connected to 127.0.0.1:62613
DEBUG: Client performing Hello handshake with 127.0.0.1:62613...
DEBUG: Sending Hello...
DEBUG: Sent Hello, reading...
DEBUG: HIT handle_tls_connection for 127.0.0.1:62655
DEBUG: Sending Hello...
DEBUG: Sent Hello, reading...
DEBUG: Read Hello
DEBUG: Handshake success for 127.0.0.1:62655
DEBUG: Spawning handle_incoming_connection_tls for 127.0.0.1:62655
DEBUG: Spawn starts for 127.0.0.1:62655
DEBUG: HIT handle_incoming_connection_tls for 127.0.0.1:62655
DEBUG: Read Hello
DEBUG: Updated pool mapping: 07eaab97770ccad23d64b6bfdaf24304e9048e69678f85cd7323d31e4fb4a875 -> 127.0.0.1:62611
DEBUG: Client connecting TLS to 127.0.0.1:62612...
DEBUG: HIT handle_connection for 127.0.0.1:62670
DEBUG: Client TLS connected to 127.0.0.1:62612
DEBUG: Client performing Hello handshake with 127.0.0.1:62612...
DEBUG: Sending Hello...
DEBUG: Sent Hello, reading...
DEBUG: HIT handle_tls_connection for 127.0.0.1:62670
DEBUG: Sending Hello...
DEBUG: Sent Hello, reading...
DEBUG: Read Hello
DEBUG: Handshake success for 127.0.0.1:62670
DEBUG: Spawning handle_incoming_connection_tls for 127.0.0.1:62670
DEBUG: Spawn starts for 127.0.0.1:62670
DEBUG: HIT handle_incoming_connection_tls for 127.0.0.1:62670
DEBUG: Read Hello
DEBUG: Updated pool mapping: 07eaab97770ccad23d64b6bfdaf24304e9048e69678f85cd7323d31e4fb4a875 -> 127.0.0.1:62611
DEBUG: Client connecting TLS to 127.0.0.1:62613...
DEBUG: HIT handle_connection for 127.0.0.1:62698
DEBUG: Client TLS connected to 127.0.0.1:62613
DEBUG: Client performing Hello handshake with 127.0.0.1:62613...
DEBUG: Sending Hello...
DEBUG: Sent Hello, reading...
DEBUG: HIT handle_tls_connection for 127.0.0.1:62698
DEBUG: Sending Hello...
DEBUG: Sent Hello, reading...
DEBUG: Read Hello
DEBUG: Handshake success for 127.0.0.1:62698
DEBUG: Spawning handle_incoming_connection_tls for 127.0.0.1:62698
DEBUG: Spawn starts for 127.0.0.1:62698
DEBUG: HIT handle_incoming_connection_tls for 127.0.0.1:62698
DEBUG: Read Hello
DEBUG: Updated pool mapping: 07eaab97770ccad23d64b6bfdaf24304e9048e69678f85cd7323d31e4fb4a875 -> 127.0.0.1:62611
DEBUG: Client connecting TLS to 127.0.0.1:62612...
DEBUG: HIT handle_connection for 127.0.0.1:62711
DEBUG: Client TLS connected to 127.0.0.1:62612
DEBUG: Client performing Hello handshake with 127.0.0.1:62612...
DEBUG: Sending Hello...
DEBUG: Sent Hello, reading...
DEBUG: HIT handle_tls_connection for 127.0.0.1:62711
DEBUG: Sending Hello...
DEBUG: Sent Hello, reading...
DEBUG: Read Hello
DEBUG: Handshake success for 127.0.0.1:62711
DEBUG: Spawning handle_incoming_connection_tls for 127.0.0.1:62711
DEBUG: Spawn starts for 127.0.0.1:62711
DEBUG: HIT handle_incoming_connection_tls for 127.0.0.1:62711
DEBUG: Read Hello
DEBUG: Updated pool mapping: 07eaab97770ccad23d64b6bfdaf24304e9048e69678f85cd7323d31e4fb4a875 -> 127.0.0.1:62611
DEBUG: Client connecting TLS to 127.0.0.1:62613...
DEBUG: HIT handle_connection for 127.0.0.1:62727
DEBUG: Client TLS connected to 127.0.0.1:62613
DEBUG: Client performing Hello handshake with 127.0.0.1:62613...
DEBUG: Sending Hello...
DEBUG: Sent Hello, reading...
DEBUG: HIT handle_tls_connection for 127.0.0.1:62727
DEBUG: Sending Hello...
DEBUG: Sent Hello, reading...
DEBUG: Read Hello
DEBUG: Handshake success for 127.0.0.1:62727
DEBUG: Spawning handle_incoming_connection_tls for 127.0.0.1:62727
DEBUG: Spawn starts for 127.0.0.1:62727
DEBUG: HIT handle_incoming_connection_tls for 127.0.0.1:62727
DEBUG: Read Hello
DEBUG: Updated pool mapping: 07eaab97770ccad23d64b6bfdaf24304e9048e69678f85cd7323d31e4fb4a875 -> 127.0.0.1:62611
DEBUG: Client connecting TLS to 127.0.0.1:62611...
DEBUG: HIT handle_connection for 127.0.0.1:62756
DEBUG: Client TLS connected to 127.0.0.1:62611
DEBUG: Client performing Hello handshake with 127.0.0.1:62611...
DEBUG: Sending Hello...
DEBUG: Sent Hello, reading...
DEBUG: HIT handle_tls_connection for 127.0.0.1:62756
DEBUG: Sending Hello...
DEBUG: Sent Hello, reading...
DEBUG: Read Hello
DEBUG: Handshake success for 127.0.0.1:62756
DEBUG: Spawning handle_incoming_connection_tls for 127.0.0.1:62756
DEBUG: Spawn starts for 127.0.0.1:62756
DEBUG: HIT handle_incoming_connection_tls for 127.0.0.1:62756
DEBUG: Read Hello
DEBUG: Client connecting TLS to 127.0.0.1:62611...
DEBUG: Updated pool mapping: 11eae0a79efb08ad3fd353b93ae6c73e3ff549a2869fb16e44fe9e25415438e6 -> 127.0.0.1:62612
DEBUG: HIT handle_connection for 127.0.0.1:62757
DEBUG: Client TLS connected to 127.0.0.1:62611
DEBUG: Client performing Hello handshake with 127.0.0.1:62611...
DEBUG: Sending Hello...
DEBUG: Sent Hello, reading...
DEBUG: HIT handle_tls_connection for 127.0.0.1:62757
DEBUG: Sending Hello...
DEBUG: Sent Hello, reading...
DEBUG: Read Hello
DEBUG: Handshake success for 127.0.0.1:62757
DEBUG: Spawning handle_incoming_connection_tls for 127.0.0.1:62757
DEBUG: Spawn starts for 127.0.0.1:62757
DEBUG: HIT handle_incoming_connection_tls for 127.0.0.1:62757
DEBUG: Read Hello
DEBUG: Updated pool mapping: c8739c1c35b9a5e17791dab1d99ec7e5c8bed052cc6d703c780478263582b22a -> 127.0.0.1:62613
DEBUG: Client connecting TLS to 127.0.0.1:62611...
DEBUG: HIT handle_connection for 127.0.0.1:62764
DEBUG: Client TLS connected to 127.0.0.1:62611
DEBUG: Client performing Hello handshake with 127.0.0.1:62611...
DEBUG: Sending Hello...
DEBUG: Sent Hello, reading...
DEBUG: HIT handle_tls_connection for 127.0.0.1:62764
DEBUG: Sending Hello...
DEBUG: Sent Hello, reading...
DEBUG: Read Hello
DEBUG: Handshake success for 127.0.0.1:62764
DEBUG: Spawning handle_incoming_connection_tls for 127.0.0.1:62764
DEBUG: Spawn starts for 127.0.0.1:62764
DEBUG: HIT handle_incoming_connection_tls for 127.0.0.1:62764
DEBUG: Read Hello
DEBUG: Updated pool mapping: 11eae0a79efb08ad3fd353b93ae6c73e3ff549a2869fb16e44fe9e25415438e6 -> 127.0.0.1:62612
DEBUG: Client connecting TLS to 127.0.0.1:62611...
DEBUG: HIT handle_connection for 127.0.0.1:62772
DEBUG: Client TLS connected to 127.0.0.1:62611
DEBUG: Client performing Hello handshake with 127.0.0.1:62611...
DEBUG: Sending Hello...
DEBUG: Sent Hello, reading...
DEBUG: HIT handle_tls_connection for 127.0.0.1:62772
DEBUG: Sending Hello...
DEBUG: Sent Hello, reading...
DEBUG: Read Hello
DEBUG: Handshake success for 127.0.0.1:62772
DEBUG: Spawning handle_incoming_connection_tls for 127.0.0.1:62772
DEBUG: Spawn starts for 127.0.0.1:62772
DEBUG: HIT handle_incoming_connection_tls for 127.0.0.1:62772
DEBUG: Read Hello
DEBUG: Updated pool mapping: 11eae0a79efb08ad3fd353b93ae6c73e3ff549a2869fb16e44fe9e25415438e6 -> 127.0.0.1:62612
DEBUG: Client connecting TLS to 127.0.0.1:62611...
DEBUG: HIT handle_connection for 127.0.0.1:62778
DEBUG: Client TLS connected to 127.0.0.1:62611
DEBUG: Client performing Hello handshake with 127.0.0.1:62611...
DEBUG: Sending Hello...
DEBUG: Sent Hello, reading...
DEBUG: HIT handle_tls_connection for 127.0.0.1:62778
DEBUG: Sending Hello...
DEBUG: Sent Hello, reading...
DEBUG: Read Hello
DEBUG: Handshake success for 127.0.0.1:62778
DEBUG: Spawning handle_incoming_connection_tls for 127.0.0.1:62778
DEBUG: Spawn starts for 127.0.0.1:62778
DEBUG: HIT handle_incoming_connection_tls for 127.0.0.1:62778
DEBUG: Read Hello
DEBUG: Updated pool mapping: 11eae0a79efb08ad3fd353b93ae6c73e3ff549a2869fb16e44fe9e25415438e6 -> 127.0.0.1:62612
DEBUG: Client connecting TLS to 127.0.0.1:62611...
DEBUG: HIT handle_connection for 127.0.0.1:62784
DEBUG: Client TLS connected to 127.0.0.1:62611
DEBUG: Client performing Hello handshake with 127.0.0.1:62611...
DEBUG: Sending Hello...
DEBUG: Sent Hello, reading...
DEBUG: HIT handle_tls_connection for 127.0.0.1:62784
DEBUG: Sending Hello...
DEBUG: Sent Hello, reading...
DEBUG: Read Hello
DEBUG: Handshake success for 127.0.0.1:62784
DEBUG: Spawning handle_incoming_connection_tls for 127.0.0.1:62784
DEBUG: Spawn starts for 127.0.0.1:62784
DEBUG: HIT handle_incoming_connection_tls for 127.0.0.1:62784
DEBUG: Read Hello
DEBUG: Updated pool mapping: 11eae0a79efb08ad3fd353b93ae6c73e3ff549a2869fb16e44fe9e25415438e6 -> 127.0.0.1:62612
DEBUG: Client connecting TLS to 127.0.0.1:62611...
DEBUG: HIT handle_connection for 127.0.0.1:62793
DEBUG: Client TLS connected to 127.0.0.1:62611
DEBUG: Client performing Hello handshake with 127.0.0.1:62611...
DEBUG: Sending Hello...
DEBUG: Sent Hello, reading...
DEBUG: HIT handle_tls_connection for 127.0.0.1:62793
DEBUG: Sending Hello...
DEBUG: Sent Hello, reading...
DEBUG: Read Hello
DEBUG: Handshake success for 127.0.0.1:62793
DEBUG: Spawning handle_incoming_connection_tls for 127.0.0.1:62793
DEBUG: Spawn starts for 127.0.0.1:62793
DEBUG: HIT handle_incoming_connection_tls for 127.0.0.1:62793
DEBUG: Read Hello
DEBUG: Updated pool mapping: 11eae0a79efb08ad3fd353b93ae6c73e3ff549a2869fb16e44fe9e25415438e6 -> 127.0.0.1:62612
DEBUG: Client connecting TLS to 127.0.0.1:62611...
DEBUG: HIT handle_connection for 127.0.0.1:62797
DEBUG: Client TLS connected to 127.0.0.1:62611
DEBUG: Client performing Hello handshake with 127.0.0.1:62611...
DEBUG: Sending Hello...
DEBUG: Sent Hello, reading...
DEBUG: HIT handle_tls_connection for 127.0.0.1:62797
DEBUG: Sending Hello...
DEBUG: Sent Hello, reading...
DEBUG: Read Hello
DEBUG: Handshake success for 127.0.0.1:62797
DEBUG: Spawning handle_incoming_connection_tls for 127.0.0.1:62797
DEBUG: Spawn starts for 127.0.0.1:62797
DEBUG: HIT handle_incoming_connection_tls for 127.0.0.1:62797
DEBUG: Read Hello
DEBUG: Updated pool mapping: 11eae0a79efb08ad3fd353b93ae6c73e3ff549a2869fb16e44fe9e25415438e6 -> 127.0.0.1:62612
DEBUG: Client connecting TLS to 127.0.0.1:62611...
DEBUG: HIT handle_connection for 127.0.0.1:62808
DEBUG: Client TLS connected to 127.0.0.1:62611
DEBUG: Client performing Hello handshake with 127.0.0.1:62611...
DEBUG: Sending Hello...
DEBUG: Sent Hello, reading...
DEBUG: HIT handle_tls_connection for 127.0.0.1:62808
DEBUG: Sending Hello...
DEBUG: Sent Hello, reading...
DEBUG: Read Hello
DEBUG: Handshake success for 127.0.0.1:62808
DEBUG: Spawning handle_incoming_connection_tls for 127.0.0.1:62808
DEBUG: Spawn starts for 127.0.0.1:62808
DEBUG: HIT handle_incoming_connection_tls for 127.0.0.1:62808
DEBUG: Read Hello
DEBUG: Updated pool mapping: 11eae0a79efb08ad3fd353b93ae6c73e3ff549a2869fb16e44fe9e25415438e6 -> 127.0.0.1:62612
DEBUG: Client connecting TLS to 127.0.0.1:62611...
DEBUG: HIT handle_connection for 127.0.0.1:62811
DEBUG: Client TLS connected to 127.0.0.1:62611
DEBUG: Client performing Hello handshake with 127.0.0.1:62611...
DEBUG: Sending Hello...
DEBUG: Sent Hello, reading...
DEBUG: HIT handle_tls_connection for 127.0.0.1:62811
DEBUG: Sending Hello...
DEBUG: Sent Hello, reading...
DEBUG: Read Hello
DEBUG: Handshake success for 127.0.0.1:62811
DEBUG: Spawning handle_incoming_connection_tls for 127.0.0.1:62811
DEBUG: Spawn starts for 127.0.0.1:62811
DEBUG: HIT handle_incoming_connection_tls for 127.0.0.1:62811
DEBUG: Read Hello
DEBUG: Updated pool mapping: 11eae0a79efb08ad3fd353b93ae6c73e3ff549a2869fb16e44fe9e25415438e6 -> 127.0.0.1:62612
DEBUG: Client connecting TLS to 127.0.0.1:62611...
DEBUG: HIT handle_connection for 127.0.0.1:62813
DEBUG: Client TLS connected to 127.0.0.1:62611
DEBUG: Client performing Hello handshake with 127.0.0.1:62611...
DEBUG: Sending Hello...
DEBUG: Sent Hello, reading...
DEBUG: HIT handle_tls_connection for 127.0.0.1:62813
DEBUG: Sending Hello...
DEBUG: Sent Hello, reading...
DEBUG: Read Hello
DEBUG: Handshake success for 127.0.0.1:62813
DEBUG: Spawning handle_incoming_connection_tls for 127.0.0.1:62813
DEBUG: Spawn starts for 127.0.0.1:62813
DEBUG: HIT handle_incoming_connection_tls for 127.0.0.1:62813
DEBUG: Read Hello
DEBUG: Updated pool mapping: 11eae0a79efb08ad3fd353b93ae6c73e3ff549a2869fb16e44fe9e25415438e6 -> 127.0.0.1:62612
DEBUG: Client connecting TLS to 127.0.0.1:62611...
DEBUG: HIT handle_connection for 127.0.0.1:62819
DEBUG: Client TLS connected to 127.0.0.1:62611
DEBUG: Client performing Hello handshake with 127.0.0.1:62611...
DEBUG: Sending Hello...
DEBUG: Sent Hello, reading...
DEBUG: HIT handle_tls_connection for 127.0.0.1:62819
DEBUG: Sending Hello...
DEBUG: Sent Hello, reading...
DEBUG: Read Hello
DEBUG: Handshake success for 127.0.0.1:62819
DEBUG: Spawning handle_incoming_connection_tls for 127.0.0.1:62819
DEBUG: Spawn starts for 127.0.0.1:62819
DEBUG: HIT handle_incoming_connection_tls for 127.0.0.1:62819
DEBUG: Read Hello
DEBUG: Updated pool mapping: 11eae0a79efb08ad3fd353b93ae6c73e3ff549a2869fb16e44fe9e25415438e6 -> 127.0.0.1:62612
test test_mesh_formation_3_nodes ... ok

test result: ok. 1 passed; 0 failed; 0 ignored; 0 measured; 16 filtered out; finished in 5.01s

