warning: unused variable: `initial_correlation_id`
   --> src/handle.rs:727:26
    |
727 | ...d, initial_correlation_id) =...
    |       ^^^^^^^^^^^^^^^^^^^^^^ help: if this is intentional, prefix it with an underscore: `_initial_correlation_id`
    |
    = note: `#[warn(unused_variables)]` (part of `#[warn(unused)]`) on by default

warning: `kameo_remote` (lib) generated 1 warning
    Finished `test` profile [unoptimized + debuginfo] target(s) in 0.06s
     Running tests/tls_integration.rs (target/debug/deps/tls_integration-4f1fa11682e43e6c)

running 1 test
[2m2026-01-28T13:17:36.896676Z[0m [32m INFO[0m [2mkameo_remote::registry[0m[2m:[0m creating new gossip registry [3mbind_addr[0m[2m=[0m127.0.0.1:57632 [3mpeer_id[0m[2m=[0m4e97fafb9c287dd80fc59516cdbc919c91a496762139168da0c8d23ca61a2ee1
[2m2026-01-28T13:17:36.897134Z[0m [32m INFO[0m [2mkameo_remote::registry[0m[2m:[0m TLS enabled for gossip registry
[2m2026-01-28T13:17:36.897169Z[0m [32m INFO[0m [2mkameo_remote::handle[0m[2m:[0m TLS-enabled gossip registry started [3mbind_addr[0m[2m=[0m127.0.0.1:57632 [3madvertise_dns[0m[2m=[0m"disabled"
[2m2026-01-28T13:17:36.897285Z[0m [32m INFO[0m [2mkameo_remote::registry[0m[2m:[0m creating new gossip registry [3mbind_addr[0m[2m=[0m127.0.0.1:57633 [3mpeer_id[0m[2m=[0mf9215cf0ddacb099d307b695e723e78c5f65b3401e3941f1652d2c3ef6f24fc5
[2m2026-01-28T13:17:36.897634Z[0m [32m INFO[0m [2mkameo_remote::registry[0m[2m:[0m TLS enabled for gossip registry
[2m2026-01-28T13:17:36.897647Z[0m [32m INFO[0m [2mkameo_remote::handle[0m[2m:[0m TLS-enabled gossip registry started [3mbind_addr[0m[2m=[0m127.0.0.1:57633 [3madvertise_dns[0m[2m=[0m"disabled"
[2m2026-01-28T13:17:36.897744Z[0m [32m INFO[0m [2mkameo_remote::registry[0m[2m:[0m REGISTERED_ACTOR [3mactor_name[0m[2m=[0mpersistent_actor [3mbind_addr[0m[2m=[0m127.0.0.1:57632 [3mpriority[0m[2m=[0mNormal
[2m2026-01-28T13:17:36.897799Z[0m [32m INFO[0m [1mstart_gossip_server_with_listener[0m[2m:[0m [2mkameo_remote::handle[0m[2m:[0m gossip server started [3mbind_addr[0m[2m=[0m127.0.0.1:57632
[2m2026-01-28T13:17:36.897837Z[0m [32m INFO[0m [1mstart_gossip_server_with_listener[0m[2m:[0m [2mkameo_remote::handle[0m[2m:[0m gossip server started [3mbind_addr[0m[2m=[0m127.0.0.1:57633
[2m2026-01-28T13:17:37.076356Z[0m [33m WARN[0m [2mkameo_remote::connection_pool[0m[2m:[0m CONNECTION POOL: No connection found for peer '4e97fafb9c287dd80fc59516cdbc919c91a496762139168da0c8d23ca61a2ee1'
[2m2026-01-28T13:17:37.076411Z[0m [33m WARN[0m [2mkameo_remote::connection_pool[0m[2m:[0m CONNECTION POOL: Available node connections: []
[2m2026-01-28T13:17:37.076667Z[0m [32m INFO[0m [2mkameo_remote::connection_pool[0m[2m:[0m 🔐 TLS ENABLED: Initiating TLS connection to 127.0.0.1:57632 using NodeId 4e97fafb9c
[2m2026-01-28T13:17:37.076998Z[0m [32m INFO[0m [1mstart_gossip_server_with_listener[0m[2m:[0m [2mkameo_remote::handle[0m[2m:[0m 📥 ACCEPTED incoming connection [3mpeer_addr[0m[2m=[0m127.0.0.1:57638
[2m2026-01-28T13:17:37.077033Z[0m [32m INFO[0m [1mhandle_connection[0m[1m{[0m[3mpeer_addr[0m[2m=[0m127.0.0.1:57638 [3mpeer[0m[2m=[0m127.0.0.1:57638[1m}[0m[2m:[0m [2mkameo_remote::handle[0m[2m:[0m 🔐 TLS ENABLED: Performing TLS handshake with peer 127.0.0.1:57638
[2m2026-01-28T13:17:37.078925Z[0m [32m INFO[0m [2mkameo_remote::connection_pool[0m[2m:[0m ✅ TLS handshake successful with 127.0.0.1:57632 (NodeId: 4e97fafb9c)
[2m2026-01-28T13:17:37.079368Z[0m [32m INFO[0m [1mhandle_connection[0m[1m{[0m[3mpeer_addr[0m[2m=[0m127.0.0.1:57638 [3mpeer[0m[2m=[0m127.0.0.1:57638[1m}[0m[2m:[0m [2mkameo_remote::handle[0m[2m:[0m ✅ TLS handshake successful with peer 127.0.0.1:57638
[2m2026-01-28T13:17:37.079769Z[0m [32m INFO[0m [2mkameo_remote::connection_pool[0m[2m:[0m Sent initial FullSync message to identify ourselves [3mpeer[0m[2m=[0m127.0.0.1:57632
[2m2026-01-28T13:17:37.079801Z[0m [32m INFO[0m [2mkameo_remote::connection_pool[0m[2m:[0m successfully created new persistent connection [3mpeer[0m[2m=[0m127.0.0.1:57632
[2m2026-01-28T13:17:37.079838Z[0m [32m INFO[0m [2mkameo_remote::connection_pool[0m[2m:[0m 🚀 Background writer task started [3maddr[0m[2m=[0m127.0.0.1:57632 [3mchannel_id[0m[2m=[0mGlobal
[2m2026-01-28T13:17:37.079872Z[0m [32m INFO[0m [2mkameo_remote::connection_pool[0m[2m:[0m Starting outgoing connection reader with message processing [3mpeer[0m[2m=[0m127.0.0.1:57632
[2m2026-01-28T13:17:37.080156Z[0m [32m INFO[0m [2mkameo_remote::connection_pool[0m[2m:[0m 🔄 Migrating peer info from ephemeral TCP source to bind address from FullSync [3mold_addr[0m[2m=[0m127.0.0.1:57638 [3mnew_addr[0m[2m=[0m127.0.0.1:57633 [3mnode_id[0m[2m=[0mSome(PublicKey(f9215cf0dd…))
[2m2026-01-28T13:17:37.080337Z[0m [32m INFO[0m [2mkameo_remote::connection_pool[0m[2m:[0m 🚀 Background writer task started [3maddr[0m[2m=[0m127.0.0.1:57638 [3mchannel_id[0m[2m=[0mGlobal
[2m2026-01-28T13:17:37.093367Z[0m [32m INFO[0m [2mkameo_remote::connection_pool[0m[2m:[0m 🔐 TLS ENABLED: Initiating TLS connection to 127.0.0.1:57633 using NodeId f9215cf0dd
[2m2026-01-28T13:17:37.093706Z[0m [32m INFO[0m [1mstart_gossip_server_with_listener[0m[2m:[0m [2mkameo_remote::handle[0m[2m:[0m 📥 ACCEPTED incoming connection [3mpeer_addr[0m[2m=[0m127.0.0.1:57639
[2m2026-01-28T13:17:37.093749Z[0m [32m INFO[0m [1mhandle_connection[0m[1m{[0m[3mpeer_addr[0m[2m=[0m127.0.0.1:57639 [3mpeer[0m[2m=[0m127.0.0.1:57639[1m}[0m[2m:[0m [2mkameo_remote::handle[0m[2m:[0m 🔐 TLS ENABLED: Performing TLS handshake with peer 127.0.0.1:57639
[2m2026-01-28T13:17:37.095495Z[0m [32m INFO[0m [2mkameo_remote::connection_pool[0m[2m:[0m ✅ TLS handshake successful with 127.0.0.1:57633 (NodeId: f9215cf0dd)
[2m2026-01-28T13:17:37.095892Z[0m [32m INFO[0m [1mhandle_connection[0m[1m{[0m[3mpeer_addr[0m[2m=[0m127.0.0.1:57639 [3mpeer[0m[2m=[0m127.0.0.1:57639[1m}[0m[2m:[0m [2mkameo_remote::handle[0m[2m:[0m ✅ TLS handshake successful with peer 127.0.0.1:57639
[2m2026-01-28T13:17:37.096208Z[0m [32m INFO[0m [2mkameo_remote::connection_pool[0m[2m:[0m Sent initial FullSync message to identify ourselves [3mpeer[0m[2m=[0m127.0.0.1:57633
[2m2026-01-28T13:17:37.096220Z[0m [32m INFO[0m [2mkameo_remote::connection_pool[0m[2m:[0m successfully created new persistent connection [3mpeer[0m[2m=[0m127.0.0.1:57633
[2m2026-01-28T13:17:37.096260Z[0m [32m INFO[0m [2mkameo_remote::connection_pool[0m[2m:[0m 🚀 Background writer task started [3maddr[0m[2m=[0m127.0.0.1:57633 [3mchannel_id[0m[2m=[0mGlobal
[2m2026-01-28T13:17:37.096285Z[0m [32m INFO[0m [2mkameo_remote::connection_pool[0m[2m:[0m Starting outgoing connection reader with message processing [3mpeer[0m[2m=[0m127.0.0.1:57633
[2m2026-01-28T13:17:37.096726Z[0m [32m INFO[0m [2mkameo_remote::connection_pool[0m[2m:[0m 🚀 Background writer task started [3maddr[0m[2m=[0m127.0.0.1:57639 [3mchannel_id[0m[2m=[0mGlobal
[2m2026-01-28T13:17:40.901602Z[0m [32m INFO[0m [2mkameo_remote::registry[0m[2m:[0m creating new gossip registry [3mbind_addr[0m[2m=[0m127.0.0.1:57658 [3mpeer_id[0m[2m=[0mf9215cf0ddacb099d307b695e723e78c5f65b3401e3941f1652d2c3ef6f24fc5
[2m2026-01-28T13:17:40.902085Z[0m [32m INFO[0m [2mkameo_remote::registry[0m[2m:[0m TLS enabled for gossip registry
[2m2026-01-28T13:17:40.902109Z[0m [32m INFO[0m [2mkameo_remote::handle[0m[2m:[0m TLS-enabled gossip registry started [3mbind_addr[0m[2m=[0m127.0.0.1:57658 [3madvertise_dns[0m[2m=[0m"disabled"
[2m2026-01-28T13:17:40.902280Z[0m [32m INFO[0m [1mstart_gossip_server_with_listener[0m[2m:[0m [2mkameo_remote::handle[0m[2m:[0m gossip server started [3mbind_addr[0m[2m=[0m127.0.0.1:57658
[2m2026-01-28T13:17:40.902387Z[0m [32m INFO[0m [2mkameo_remote::connection_pool[0m[2m:[0m 🔐 TLS ENABLED: Initiating TLS connection to 127.0.0.1:57658 using NodeId f9215cf0dd
[2m2026-01-28T13:17:40.902787Z[0m [33m WARN[0m [2mkameo_remote::handle[0m[2m:[0m ⚠️ TLS connection closed or error reading message - incoming handler exiting [3mpeer_addr[0m[2m=[0m127.0.0.1:57639 [3merror[0m[2m=[0mnetwork error: peer closed connection without sending TLS close_notify: https://docs.rs/rustls/latest/rustls/manual/_03_howto/index.html#unexpected-eof
[2m2026-01-28T13:17:40.902796Z[0m [33m WARN[0m [2mkameo_remote::handle[0m[2m:[0m 📤 Incoming TLS connection handler loop exited - peer may need reconnection [3mpeer_addr[0m[2m=[0m127.0.0.1:57639 [3msender_node_id[0m[2m=[0m4e97fafb9c287dd80fc59516cdbc919c91a496762139168da0c8d23ca61a2ee1
[2m2026-01-28T13:17:40.902828Z[0m [32m INFO[0m [2mkameo_remote::registry[0m[2m:[0m node disconnection detected by ID, marking connection as failed (actors remain available) [3mfailed_peer_id[0m[2m=[0m4e97fafb9c287dd80fc59516cdbc919c91a496762139168da0c8d23ca61a2ee1
[2m2026-01-28T13:17:40.902871Z[0m [32m INFO[0m [2mkameo_remote::registry[0m[2m:[0m removed disconnected connection from pool (all address aliases cleaned up) [3maddr[0m[2m=[0m127.0.0.1:57632 [3mnode_id[0m[2m=[0m4e97fafb9c287dd80fc59516cdbc919c91a496762139168da0c8d23ca61a2ee1
[2m2026-01-28T13:17:40.902890Z[0m [32m INFO[0m [2mkameo_remote::registry[0m[2m:[0m connection cleanup complete [3mnode_id[0m[2m=[0m4e97fafb9c287dd80fc59516cdbc919c91a496762139168da0c8d23ca61a2ee1 [3maddr[0m[2m=[0m127.0.0.1:57632 [3mconnections_remaining[0m[2m=[0m0
[2m2026-01-28T13:17:40.902900Z[0m [32m INFO[0m [2mkameo_remote::registry[0m[2m:[0m marked peer as disconnected in local state, will retry after interval [3mpeer[0m[2m=[0m127.0.0.1:57632 [3mnode_id[0m[2m=[0m4e97fafb9c287dd80fc59516cdbc919c91a496762139168da0c8d23ca61a2ee1 [3mretry_after_secs[0m[2m=[0m5
[2m2026-01-28T13:17:40.902914Z[0m [32m INFO[0m [2mkameo_remote::registry[0m[2m:[0m created pending failure record, waiting for consensus on actor invalidation [3mfailed_peer[0m[2m=[0m127.0.0.1:57632 [3mnode_id[0m[2m=[0m4e97fafb9c287dd80fc59516cdbc919c91a496762139168da0c8d23ca61a2ee1 [3mdeadline[0m[2m=[0m1769606265
[2m2026-01-28T13:17:40.902926Z[0m [33m WARN[0m [2mkameo_remote::handle[0m[2m:[0m 📤 HANDLE.RS: Incoming TLS connection handler task EXITED [3mpeer[0m[2m=[0m127.0.0.1:57639
[2m2026-01-28T13:17:40.902945Z[0m [32m INFO[0m [1mstart_gossip_server_with_listener[0m[2m:[0m [2mkameo_remote::handle[0m[2m:[0m 📥 ACCEPTED incoming connection [3mpeer_addr[0m[2m=[0m127.0.0.1:57659
[2m2026-01-28T13:17:40.902990Z[0m [32m INFO[0m [1mhandle_connection[0m[1m{[0m[3mpeer_addr[0m[2m=[0m127.0.0.1:57659 [3mpeer[0m[2m=[0m127.0.0.1:57659[1m}[0m[2m:[0m [2mkameo_remote::handle[0m[2m:[0m 🔐 TLS ENABLED: Performing TLS handshake with peer 127.0.0.1:57659
[2m2026-01-28T13:17:40.904896Z[0m [32m INFO[0m [2mkameo_remote::connection_pool[0m[2m:[0m ✅ TLS handshake successful with 127.0.0.1:57658 (NodeId: f9215cf0dd)
[2m2026-01-28T13:17:40.905349Z[0m [32m INFO[0m [1mhandle_connection[0m[1m{[0m[3mpeer_addr[0m[2m=[0m127.0.0.1:57659 [3mpeer[0m[2m=[0m127.0.0.1:57659[1m}[0m[2m:[0m [2mkameo_remote::handle[0m[2m:[0m ✅ TLS handshake successful with peer 127.0.0.1:57659
[2m2026-01-28T13:17:40.905741Z[0m [32m INFO[0m [2mkameo_remote::connection_pool[0m[2m:[0m Sent initial FullSync message to identify ourselves [3mpeer[0m[2m=[0m127.0.0.1:57658
[2m2026-01-28T13:17:40.905753Z[0m [32m INFO[0m [2mkameo_remote::connection_pool[0m[2m:[0m successfully created new persistent connection [3mpeer[0m[2m=[0m127.0.0.1:57658
[2m2026-01-28T13:17:40.905788Z[0m [32m INFO[0m [2mkameo_remote::connection_pool[0m[2m:[0m 🚀 Background writer task started [3maddr[0m[2m=[0m127.0.0.1:57658 [3mchannel_id[0m[2m=[0mGlobal
[2m2026-01-28T13:17:40.905817Z[0m [32m INFO[0m [2mkameo_remote::connection_pool[0m[2m:[0m Starting outgoing connection reader with message processing [3mpeer[0m[2m=[0m127.0.0.1:57658
[2m2026-01-28T13:17:40.906124Z[0m [32m INFO[0m [2mkameo_remote::connection_pool[0m[2m:[0m 🔄 Migrating peer info from ephemeral TCP source to bind address from FullSync [3mold_addr[0m[2m=[0m127.0.0.1:57659 [3mnew_addr[0m[2m=[0m127.0.0.1:57632 [3mnode_id[0m[2m=[0mSome(PublicKey(4e97fafb9c…))
[2m2026-01-28T13:17:40.906250Z[0m [32m INFO[0m [2mkameo_remote::connection_pool[0m[2m:[0m 🚀 Background writer task started [3maddr[0m[2m=[0m127.0.0.1:57659 [3mchannel_id[0m[2m=[0mGlobal
[2m2026-01-28T13:17:41.005710Z[0m [32m INFO[0m [2mkameo_remote::registry[0m[2m:[0m delayed query: now checking peer consensus after 100ms [3mfailed_peer[0m[2m=[0m127.0.0.1:57632
[2m2026-01-28T13:17:41.005761Z[0m [33m WARN[0m [2mkameo_remote::registry[0m[2m:[0m 🔍 Starting consensus query for peer (may have active connection to different peer after reconnection) [3mtarget_peer[0m[2m=[0m127.0.0.1:57632
[2m2026-01-28T13:17:41.005789Z[0m [32m INFO[0m [2mkameo_remote::registry[0m[2m:[0m querying peers for health consensus [3mtarget_peer[0m[2m=[0m127.0.0.1:57632 [3mquerying_peers[0m[2m=[0m1
[2m2026-01-28T13:17:41.005839Z[0m [33m WARN[0m [2mkameo_remote::connection_pool[0m[2m:[0m CONNECTION POOL: No connection found for peer '4e97fafb9c287dd80fc59516cdbc919c91a496762139168da0c8d23ca61a2ee1'
[2m2026-01-28T13:17:41.005865Z[0m [33m WARN[0m [2mkameo_remote::connection_pool[0m[2m:[0m CONNECTION POOL: Available node connections: []
[2m2026-01-28T13:17:41.017764Z[0m [33m WARN[0m [2mkameo_remote::handle[0m[2m:[0m ⚠️ TLS connection closed or error reading message - incoming handler exiting [3mpeer_addr[0m[2m=[0m127.0.0.1:57659 [3merror[0m[2m=[0mnetwork error: peer closed connection without sending TLS close_notify: https://docs.rs/rustls/latest/rustls/manual/_03_howto/index.html#unexpected-eof
[2m2026-01-28T13:17:41.017798Z[0m [33m WARN[0m [2mkameo_remote::handle[0m[2m:[0m 📤 Incoming TLS connection handler loop exited - peer may need reconnection [3mpeer_addr[0m[2m=[0m127.0.0.1:57659 [3msender_node_id[0m[2m=[0m4e97fafb9c287dd80fc59516cdbc919c91a496762139168da0c8d23ca61a2ee1
[2m2026-01-28T13:17:41.017832Z[0m [32m INFO[0m [2mkameo_remote::registry[0m[2m:[0m node disconnection detected by ID, marking connection as failed (actors remain available) [3mfailed_peer_id[0m[2m=[0m4e97fafb9c287dd80fc59516cdbc919c91a496762139168da0c8d23ca61a2ee1
[2m2026-01-28T13:17:41.017869Z[0m [32m INFO[0m [2mkameo_remote::registry[0m[2m:[0m removed disconnected connection from pool (all address aliases cleaned up) [3maddr[0m[2m=[0m127.0.0.1:57632 [3mnode_id[0m[2m=[0m4e97fafb9c287dd80fc59516cdbc919c91a496762139168da0c8d23ca61a2ee1
[2m2026-01-28T13:17:41.017892Z[0m [32m INFO[0m [2mkameo_remote::registry[0m[2m:[0m connection cleanup complete [3mnode_id[0m[2m=[0m4e97fafb9c287dd80fc59516cdbc919c91a496762139168da0c8d23ca61a2ee1 [3maddr[0m[2m=[0m127.0.0.1:57632 [3mconnections_remaining[0m[2m=[0m0
[2m2026-01-28T13:17:41.017902Z[0m [32m INFO[0m [2mkameo_remote::registry[0m[2m:[0m marked peer as disconnected in local state, will retry after interval [3mpeer[0m[2m=[0m127.0.0.1:57632 [3mnode_id[0m[2m=[0m4e97fafb9c287dd80fc59516cdbc919c91a496762139168da0c8d23ca61a2ee1 [3mretry_after_secs[0m[2m=[0m5
[2m2026-01-28T13:17:41.017917Z[0m [32m INFO[0m [2mkameo_remote::registry[0m[2m:[0m created pending failure record, waiting for consensus on actor invalidation [3mfailed_peer[0m[2m=[0m127.0.0.1:57632 [3mnode_id[0m[2m=[0m4e97fafb9c287dd80fc59516cdbc919c91a496762139168da0c8d23ca61a2ee1 [3mdeadline[0m[2m=[0m1769606266
[2m2026-01-28T13:17:41.017930Z[0m [33m WARN[0m [2mkameo_remote::handle[0m[2m:[0m 📤 HANDLE.RS: Incoming TLS connection handler task EXITED [3mpeer[0m[2m=[0m127.0.0.1:57659
[2m2026-01-28T13:17:41.017999Z[0m [32m INFO[0m [2mkameo_remote::connection_pool[0m[2m:[0m 🔐 TLS ENABLED: Initiating TLS connection to 127.0.0.1:57633 using NodeId f9215cf0dd
[2m2026-01-28T13:17:41.018404Z[0m [32m INFO[0m [1mstart_gossip_server_with_listener[0m[2m:[0m [2mkameo_remote::handle[0m[2m:[0m 📥 ACCEPTED incoming connection [3mpeer_addr[0m[2m=[0m127.0.0.1:57661
[2m2026-01-28T13:17:41.018444Z[0m [32m INFO[0m [1mhandle_connection[0m[1m{[0m[3mpeer_addr[0m[2m=[0m127.0.0.1:57661 [3mpeer[0m[2m=[0m127.0.0.1:57661[1m}[0m[2m:[0m [2mkameo_remote::handle[0m[2m:[0m 🔐 TLS ENABLED: Performing TLS handshake with peer 127.0.0.1:57661
[2m2026-01-28T13:17:41.020489Z[0m [32m INFO[0m [2mkameo_remote::connection_pool[0m[2m:[0m ✅ TLS handshake successful with 127.0.0.1:57633 (NodeId: f9215cf0dd)
[2m2026-01-28T13:17:41.021101Z[0m [32m INFO[0m [1mhandle_connection[0m[1m{[0m[3mpeer_addr[0m[2m=[0m127.0.0.1:57661 [3mpeer[0m[2m=[0m127.0.0.1:57661[1m}[0m[2m:[0m [2mkameo_remote::handle[0m[2m:[0m ✅ TLS handshake successful with peer 127.0.0.1:57661
[2m2026-01-28T13:17:41.021527Z[0m [32m INFO[0m [2mkameo_remote::connection_pool[0m[2m:[0m Sent initial FullSync message to identify ourselves [3mpeer[0m[2m=[0m127.0.0.1:57633
[2m2026-01-28T13:17:41.021544Z[0m [32m INFO[0m [2mkameo_remote::connection_pool[0m[2m:[0m successfully created new persistent connection [3mpeer[0m[2m=[0m127.0.0.1:57633
[2m2026-01-28T13:17:41.021590Z[0m [32m INFO[0m [2mkameo_remote::connection_pool[0m[2m:[0m 🚀 Background writer task started [3maddr[0m[2m=[0m127.0.0.1:57633 [3mchannel_id[0m[2m=[0mGlobal
[2m2026-01-28T13:17:41.021624Z[0m [32m INFO[0m [2mkameo_remote::connection_pool[0m[2m:[0m Starting outgoing connection reader with message processing [3mpeer[0m[2m=[0m127.0.0.1:57633
[2m2026-01-28T13:17:41.021953Z[0m [32m INFO[0m [2mkameo_remote::connection_pool[0m[2m:[0m 🔄 Migrating peer info from ephemeral TCP source to bind address from FullSync [3mold_addr[0m[2m=[0m127.0.0.1:57661 [3mnew_addr[0m[2m=[0m127.0.0.1:57632 [3mnode_id[0m[2m=[0mSome(PublicKey(4e97fafb9c…))
[2m2026-01-28T13:17:41.022190Z[0m [32m INFO[0m [2mkameo_remote::connection_pool[0m[2m:[0m 🚀 Background writer task started [3maddr[0m[2m=[0m127.0.0.1:57661 [3mchannel_id[0m[2m=[0mGlobal
[2m2026-01-28T13:17:41.069135Z[0m [33m WARN[0m [2mkameo_remote::connection_pool[0m[2m:[0m CONNECTION POOL: No connection found for peer '4e97fafb9c287dd80fc59516cdbc919c91a496762139168da0c8d23ca61a2ee1'
[2m2026-01-28T13:17:41.069191Z[0m [33m WARN[0m [2mkameo_remote::connection_pool[0m[2m:[0m CONNECTION POOL: Available node connections: []
[2m2026-01-28T13:17:41.069396Z[0m [33m WARN[0m [1mstart_gossip_timer[0m[2m:[0m [2mkameo_remote::registry[0m[2m:[0m failed to gossip to peer [3mpeer[0m[2m=[0m127.0.0.1:12000 [3merror[0m[2m=[0mnetwork error: Connection refused (os error 61)
[2m2026-01-28T13:17:41.069428Z[0m [32m INFO[0m [1mstart_gossip_timer[0m[2m:[0m [2mkameo_remote::registry[0m[2m:[0m incremented peer failure count [3mpeer[0m[2m=[0m127.0.0.1:12000 [3mnew_failures[0m[2m=[0m1 [3mmax_failures[0m[2m=[0m3
[2m2026-01-28T13:17:41.119057Z[0m [32m INFO[0m [2mkameo_remote::registry[0m[2m:[0m delayed query: now checking peer consensus after 100ms [3mfailed_peer[0m[2m=[0m127.0.0.1:57632
[2m2026-01-28T13:17:41.119124Z[0m [33m WARN[0m [2mkameo_remote::registry[0m[2m:[0m 🔍 Starting consensus query for peer (may have active connection to different peer after reconnection) [3mtarget_peer[0m[2m=[0m127.0.0.1:57632
[2m2026-01-28T13:17:41.119152Z[0m [32m INFO[0m [2mkameo_remote::registry[0m[2m:[0m querying peers for health consensus [3mtarget_peer[0m[2m=[0m127.0.0.1:57632 [3mquerying_peers[0m[2m=[0m1
[2m2026-01-28T13:17:41.119204Z[0m [33m WARN[0m [2mkameo_remote::connection_pool[0m[2m:[0m CONNECTION POOL: No connection found for peer '4e97fafb9c287dd80fc59516cdbc919c91a496762139168da0c8d23ca61a2ee1'
[2m2026-01-28T13:17:41.119234Z[0m [33m WARN[0m [2mkameo_remote::connection_pool[0m[2m:[0m CONNECTION POOL: Available node connections: []
[2m2026-01-28T13:17:41.155164Z[0m [33m WARN[0m [2mkameo_remote::handle[0m[2m:[0m ⚠️ TLS connection closed or error reading message - incoming handler exiting [3mpeer_addr[0m[2m=[0m127.0.0.1:57661 [3merror[0m[2m=[0mnetwork error: peer closed connection without sending TLS close_notify: https://docs.rs/rustls/latest/rustls/manual/_03_howto/index.html#unexpected-eof
[2m2026-01-28T13:17:41.155193Z[0m [33m WARN[0m [2mkameo_remote::handle[0m[2m:[0m 📤 Incoming TLS connection handler loop exited - peer may need reconnection [3mpeer_addr[0m[2m=[0m127.0.0.1:57661 [3msender_node_id[0m[2m=[0m4e97fafb9c287dd80fc59516cdbc919c91a496762139168da0c8d23ca61a2ee1
[2m2026-01-28T13:17:41.155242Z[0m [32m INFO[0m [2mkameo_remote::registry[0m[2m:[0m node disconnection detected by ID, marking connection as failed (actors remain available) [3mfailed_peer_id[0m[2m=[0m4e97fafb9c287dd80fc59516cdbc919c91a496762139168da0c8d23ca61a2ee1
[2m2026-01-28T13:17:41.155283Z[0m [32m INFO[0m [2mkameo_remote::registry[0m[2m:[0m removed disconnected connection from pool (all address aliases cleaned up) [3maddr[0m[2m=[0m127.0.0.1:57632 [3mnode_id[0m[2m=[0m4e97fafb9c287dd80fc59516cdbc919c91a496762139168da0c8d23ca61a2ee1
[2m2026-01-28T13:17:41.155306Z[0m [32m INFO[0m [2mkameo_remote::registry[0m[2m:[0m connection cleanup complete [3mnode_id[0m[2m=[0m4e97fafb9c287dd80fc59516cdbc919c91a496762139168da0c8d23ca61a2ee1 [3maddr[0m[2m=[0m127.0.0.1:57632 [3mconnections_remaining[0m[2m=[0m0
[2m2026-01-28T13:17:41.155316Z[0m [32m INFO[0m [2mkameo_remote::registry[0m[2m:[0m marked peer as disconnected in local state, will retry after interval [3mpeer[0m[2m=[0m127.0.0.1:57632 [3mnode_id[0m[2m=[0m4e97fafb9c287dd80fc59516cdbc919c91a496762139168da0c8d23ca61a2ee1 [3mretry_after_secs[0m[2m=[0m5
[2m2026-01-28T13:17:41.155336Z[0m [33m WARN[0m [2mkameo_remote::handle[0m[2m:[0m 📤 HANDLE.RS: Incoming TLS connection handler task EXITED [3mpeer[0m[2m=[0m127.0.0.1:57661
[2m2026-01-28T13:17:41.155432Z[0m [32m INFO[0m [2mkameo_remote::connection_pool[0m[2m:[0m 🔐 TLS ENABLED: Initiating TLS connection to 127.0.0.1:57658 using NodeId f9215cf0dd
[2m2026-01-28T13:17:41.155923Z[0m [32m INFO[0m [1mstart_gossip_server_with_listener[0m[2m:[0m [2mkameo_remote::handle[0m[2m:[0m 📥 ACCEPTED incoming connection [3mpeer_addr[0m[2m=[0m127.0.0.1:57668
[2m2026-01-28T13:17:41.155960Z[0m [32m INFO[0m [1mhandle_connection[0m[1m{[0m[3mpeer_addr[0m[2m=[0m127.0.0.1:57668 [3mpeer[0m[2m=[0m127.0.0.1:57668[1m}[0m[2m:[0m [2mkameo_remote::handle[0m[2m:[0m 🔐 TLS ENABLED: Performing TLS handshake with peer 127.0.0.1:57668
[2m2026-01-28T13:17:41.158220Z[0m [32m INFO[0m [2mkameo_remote::connection_pool[0m[2m:[0m ✅ TLS handshake successful with 127.0.0.1:57658 (NodeId: f9215cf0dd)
[2m2026-01-28T13:17:41.158672Z[0m [32m INFO[0m [1mhandle_connection[0m[1m{[0m[3mpeer_addr[0m[2m=[0m127.0.0.1:57668 [3mpeer[0m[2m=[0m127.0.0.1:57668[1m}[0m[2m:[0m [2mkameo_remote::handle[0m[2m:[0m ✅ TLS handshake successful with peer 127.0.0.1:57668
[2m2026-01-28T13:17:41.159141Z[0m [32m INFO[0m [2mkameo_remote::connection_pool[0m[2m:[0m Sent initial FullSync message to identify ourselves [3mpeer[0m[2m=[0m127.0.0.1:57658
[2m2026-01-28T13:17:41.159159Z[0m [32m INFO[0m [2mkameo_remote::connection_pool[0m[2m:[0m successfully created new persistent connection [3mpeer[0m[2m=[0m127.0.0.1:57658
[2m2026-01-28T13:17:41.159226Z[0m [32m INFO[0m [2mkameo_remote::connection_pool[0m[2m:[0m 🚀 Background writer task started [3maddr[0m[2m=[0m127.0.0.1:57658 [3mchannel_id[0m[2m=[0mGlobal
[2m2026-01-28T13:17:41.159265Z[0m [32m INFO[0m [2mkameo_remote::connection_pool[0m[2m:[0m Starting outgoing connection reader with message processing [3mpeer[0m[2m=[0m127.0.0.1:57658
[2m2026-01-28T13:17:41.159734Z[0m [32m INFO[0m [2mkameo_remote::connection_pool[0m[2m:[0m 🔄 Migrating peer info from ephemeral TCP source to bind address from FullSync [3mold_addr[0m[2m=[0m127.0.0.1:57668 [3mnew_addr[0m[2m=[0m127.0.0.1:57632 [3mnode_id[0m[2m=[0mSome(PublicKey(4e97fafb9c…))
[2m2026-01-28T13:17:41.160102Z[0m [32m INFO[0m [2mkameo_remote::connection_pool[0m[2m:[0m 🚀 Background writer task started [3maddr[0m[2m=[0m127.0.0.1:57668 [3mchannel_id[0m[2m=[0mGlobal
[2m2026-01-28T13:17:41.228714Z[0m [33m WARN[0m [2mkameo_remote::connection_pool[0m[2m:[0m CONNECTION POOL: No connection found for peer '4e97fafb9c287dd80fc59516cdbc919c91a496762139168da0c8d23ca61a2ee1'
[2m2026-01-28T13:17:41.228773Z[0m [33m WARN[0m [2mkameo_remote::connection_pool[0m[2m:[0m CONNECTION POOL: Available node connections: []
[2m2026-01-28T13:17:41.228921Z[0m [33m WARN[0m [1mstart_gossip_timer[0m[2m:[0m [2mkameo_remote::registry[0m[2m:[0m failed to gossip to peer [3mpeer[0m[2m=[0m127.0.0.1:12000 [3merror[0m[2m=[0mnetwork error: Connection refused (os error 61)
[2m2026-01-28T13:17:41.228940Z[0m [32m INFO[0m [1mstart_gossip_timer[0m[2m:[0m [2mkameo_remote::registry[0m[2m:[0m incremented peer failure count [3mpeer[0m[2m=[0m127.0.0.1:12000 [3mnew_failures[0m[2m=[0m1 [3mmax_failures[0m[2m=[0m3
[2m2026-01-28T13:17:41.232425Z[0m [32m INFO[0m [2mkameo_remote::handle[0m[2m:[0m 🔄 GOSSIP RETRY: Attempting to reconnect to previously failed peer [3mpeer[0m[2m=[0m127.0.0.1:12000 [3mhas_dns[0m[2m=[0mfalse
[2m2026-01-28T13:17:41.232486Z[0m [32m INFO[0m [2mkameo_remote::handle[0m[2m:[0m ✅ GOSSIP RETRY: Successfully reconnected to peer [3mpeer[0m[2m=[0m127.0.0.1:12000
[2m2026-01-28T13:17:41.257134Z[0m [32m INFO[0m [2mkameo_remote::registry[0m[2m:[0m delayed query: now checking peer consensus after 100ms [3mfailed_peer[0m[2m=[0m127.0.0.1:57632
[2m2026-01-28T13:17:41.257179Z[0m [33m WARN[0m [2mkameo_remote::registry[0m[2m:[0m 🔍 Starting consensus query for peer (may have active connection to different peer after reconnection) [3mtarget_peer[0m[2m=[0m127.0.0.1:57632
[2m2026-01-28T13:17:41.257201Z[0m [32m INFO[0m [2mkameo_remote::registry[0m[2m:[0m querying peers for health consensus [3mtarget_peer[0m[2m=[0m127.0.0.1:57632 [3mquerying_peers[0m[2m=[0m1
[2m2026-01-28T13:17:41.257242Z[0m [33m WARN[0m [2mkameo_remote::connection_pool[0m[2m:[0m CONNECTION POOL: No connection found for peer '4e97fafb9c287dd80fc59516cdbc919c91a496762139168da0c8d23ca61a2ee1'
[2m2026-01-28T13:17:41.257265Z[0m [33m WARN[0m [2mkameo_remote::connection_pool[0m[2m:[0m CONNECTION POOL: Available node connections: []
[2m2026-01-28T13:17:41.311166Z[0m [32m INFO[0m [2mkameo_remote::connection_pool[0m[2m:[0m 🔐 TLS ENABLED: Initiating TLS connection to 127.0.0.1:57633 using NodeId f9215cf0dd
[2m2026-01-28T13:17:41.312178Z[0m [33m WARN[0m [2mkameo_remote::handle[0m[2m:[0m ⚠️ TLS connection closed or error reading message - incoming handler exiting [3mpeer_addr[0m[2m=[0m127.0.0.1:57668 [3merror[0m[2m=[0mnetwork error: peer closed connection without sending TLS close_notify: https://docs.rs/rustls/latest/rustls/manual/_03_howto/index.html#unexpected-eof
[2m2026-01-28T13:17:41.312220Z[0m [33m WARN[0m [2mkameo_remote::handle[0m[2m:[0m 📤 Incoming TLS connection handler loop exited - peer may need reconnection [3mpeer_addr[0m[2m=[0m127.0.0.1:57668 [3msender_node_id[0m[2m=[0m4e97fafb9c287dd80fc59516cdbc919c91a496762139168da0c8d23ca61a2ee1
[2m2026-01-28T13:17:41.312265Z[0m [32m INFO[0m [2mkameo_remote::registry[0m[2m:[0m node disconnection detected by ID, marking connection as failed (actors remain available) [3mfailed_peer_id[0m[2m=[0m4e97fafb9c287dd80fc59516cdbc919c91a496762139168da0c8d23ca61a2ee1
[2m2026-01-28T13:17:41.312314Z[0m [32m INFO[0m [2mkameo_remote::registry[0m[2m:[0m removed disconnected connection from pool (all address aliases cleaned up) [3maddr[0m[2m=[0m127.0.0.1:57632 [3mnode_id[0m[2m=[0m4e97fafb9c287dd80fc59516cdbc919c91a496762139168da0c8d23ca61a2ee1
[2m2026-01-28T13:17:41.312352Z[0m [32m INFO[0m [2mkameo_remote::registry[0m[2m:[0m connection cleanup complete [3mnode_id[0m[2m=[0m4e97fafb9c287dd80fc59516cdbc919c91a496762139168da0c8d23ca61a2ee1 [3maddr[0m[2m=[0m127.0.0.1:57632 [3mconnections_remaining[0m[2m=[0m0
[2m2026-01-28T13:17:41.312364Z[0m [32m INFO[0m [2mkameo_remote::registry[0m[2m:[0m marked peer as disconnected in local state, will retry after interval [3mpeer[0m[2m=[0m127.0.0.1:57632 [3mnode_id[0m[2m=[0m4e97fafb9c287dd80fc59516cdbc919c91a496762139168da0c8d23ca61a2ee1 [3mretry_after_secs[0m[2m=[0m5
[2m2026-01-28T13:17:41.312382Z[0m [33m WARN[0m [2mkameo_remote::handle[0m[2m:[0m 📤 HANDLE.RS: Incoming TLS connection handler task EXITED [3mpeer[0m[2m=[0m127.0.0.1:57668
[2m2026-01-28T13:17:41.312412Z[0m [32m INFO[0m [1mstart_gossip_server_with_listener[0m[2m:[0m [2mkameo_remote::handle[0m[2m:[0m 📥 ACCEPTED incoming connection [3mpeer_addr[0m[2m=[0m127.0.0.1:57671
[2m2026-01-28T13:17:41.312485Z[0m [32m INFO[0m [1mhandle_connection[0m[1m{[0m[3mpeer_addr[0m[2m=[0m127.0.0.1:57671 [3mpeer[0m[2m=[0m127.0.0.1:57671[1m}[0m[2m:[0m [2mkameo_remote::handle[0m[2m:[0m 🔐 TLS ENABLED: Performing TLS handshake with peer 127.0.0.1:57671
[2m2026-01-28T13:17:41.314551Z[0m [32m INFO[0m [2mkameo_remote::connection_pool[0m[2m:[0m ✅ TLS handshake successful with 127.0.0.1:57633 (NodeId: f9215cf0dd)
[2m2026-01-28T13:17:41.315086Z[0m [32m INFO[0m [1mhandle_connection[0m[1m{[0m[3mpeer_addr[0m[2m=[0m127.0.0.1:57671 [3mpeer[0m[2m=[0m127.0.0.1:57671[1m}[0m[2m:[0m [2mkameo_remote::handle[0m[2m:[0m ✅ TLS handshake successful with peer 127.0.0.1:57671
[2m2026-01-28T13:17:41.315460Z[0m [32m INFO[0m [2mkameo_remote::connection_pool[0m[2m:[0m Sent initial FullSync message to identify ourselves [3mpeer[0m[2m=[0m127.0.0.1:57633
[2m2026-01-28T13:17:41.315473Z[0m [32m INFO[0m [2mkameo_remote::connection_pool[0m[2m:[0m successfully created new persistent connection [3mpeer[0m[2m=[0m127.0.0.1:57633
[2m2026-01-28T13:17:41.315519Z[0m [32m INFO[0m [2mkameo_remote::connection_pool[0m[2m:[0m 🚀 Background writer task started [3maddr[0m[2m=[0m127.0.0.1:57633 [3mchannel_id[0m[2m=[0mGlobal
[2m2026-01-28T13:17:41.315547Z[0m [32m INFO[0m [2mkameo_remote::connection_pool[0m[2m:[0m Starting outgoing connection reader with message processing [3mpeer[0m[2m=[0m127.0.0.1:57633
[2m2026-01-28T13:17:41.315570Z[0m [33m WARN[0m [2mkameo_remote::connection_pool[0m[2m:[0m CONNECTION POOL: No connection found for peer 'f9215cf0ddacb099d307b695e723e78c5f65b3401e3941f1652d2c3ef6f24fc5'
[2m2026-01-28T13:17:41.315585Z[0m [33m WARN[0m [2mkameo_remote::connection_pool[0m[2m:[0m CONNECTION POOL: Available node connections: []
[2m2026-01-28T13:17:41.316187Z[0m [32m INFO[0m [2mkameo_remote::connection_pool[0m[2m:[0m 🔄 Migrating peer info from ephemeral TCP source to bind address from FullSync [3mold_addr[0m[2m=[0m127.0.0.1:57671 [3mnew_addr[0m[2m=[0m127.0.0.1:57632 [3mnode_id[0m[2m=[0mSome(PublicKey(4e97fafb9c…))
[2m2026-01-28T13:17:41.316628Z[0m [32m INFO[0m [2mkameo_remote::connection_pool[0m[2m:[0m 🚀 Background writer task started [3maddr[0m[2m=[0m127.0.0.1:57671 [3mchannel_id[0m[2m=[0mGlobal
[2m2026-01-28T13:17:41.316699Z[0m [32m INFO[0m [2mkameo_remote::connection_pool[0m[2m:[0m 🔐 TLS ENABLED: Initiating TLS connection to 127.0.0.1:57658 using NodeId f9215cf0dd
[2m2026-01-28T13:17:41.317338Z[0m [32m INFO[0m [1mstart_gossip_server_with_listener[0m[2m:[0m [2mkameo_remote::handle[0m[2m:[0m 📥 ACCEPTED incoming connection [3mpeer_addr[0m[2m=[0m127.0.0.1:57672
[2m2026-01-28T13:17:41.317405Z[0m [32m INFO[0m [1mhandle_connection[0m[1m{[0m[3mpeer_addr[0m[2m=[0m127.0.0.1:57672 [3mpeer[0m[2m=[0m127.0.0.1:57672[1m}[0m[2m:[0m [2mkameo_remote::handle[0m[2m:[0m 🔐 TLS ENABLED: Performing TLS handshake with peer 127.0.0.1:57672
[2m2026-01-28T13:17:41.320137Z[0m [32m INFO[0m [2mkameo_remote::connection_pool[0m[2m:[0m ✅ TLS handshake successful with 127.0.0.1:57658 (NodeId: f9215cf0dd)
[2m2026-01-28T13:17:41.320613Z[0m [32m INFO[0m [1mhandle_connection[0m[1m{[0m[3mpeer_addr[0m[2m=[0m127.0.0.1:57672 [3mpeer[0m[2m=[0m127.0.0.1:57672[1m}[0m[2m:[0m [2mkameo_remote::handle[0m[2m:[0m ✅ TLS handshake successful with peer 127.0.0.1:57672
[2m2026-01-28T13:17:41.321063Z[0m [32m INFO[0m [2mkameo_remote::connection_pool[0m[2m:[0m Sent initial FullSync message to identify ourselves [3mpeer[0m[2m=[0m127.0.0.1:57658
[2m2026-01-28T13:17:41.321075Z[0m [32m INFO[0m [2mkameo_remote::connection_pool[0m[2m:[0m successfully created new persistent connection [3mpeer[0m[2m=[0m127.0.0.1:57658
[2m2026-01-28T13:17:41.321124Z[0m [32m INFO[0m [2mkameo_remote::connection_pool[0m[2m:[0m 🚀 Background writer task started [3maddr[0m[2m=[0m127.0.0.1:57658 [3mchannel_id[0m[2m=[0mGlobal
[2m2026-01-28T13:17:41.321152Z[0m [32m INFO[0m [2mkameo_remote::connection_pool[0m[2m:[0m Starting outgoing connection reader with message processing [3mpeer[0m[2m=[0m127.0.0.1:57658
[2m2026-01-28T13:17:41.321497Z[0m [32m INFO[0m [2mkameo_remote::connection_pool[0m[2m:[0m 🔄 Migrating peer info from ephemeral TCP source to bind address from FullSync [3mold_addr[0m[2m=[0m127.0.0.1:57672 [3mnew_addr[0m[2m=[0m127.0.0.1:57632 [3mnode_id[0m[2m=[0mSome(PublicKey(4e97fafb9c…))
[2m2026-01-28T13:17:41.321713Z[0m [32m INFO[0m [2mkameo_remote::connection_pool[0m[2m:[0m 🚀 Background writer task started [3maddr[0m[2m=[0m127.0.0.1:57672 [3mchannel_id[0m[2m=[0mGlobal
[2m2026-01-28T13:17:41.409163Z[0m [32m INFO[0m [2mkameo_remote::handle[0m[2m:[0m 🔄 GOSSIP RETRY: Attempting to reconnect to previously failed peer [3mpeer[0m[2m=[0m127.0.0.1:12000 [3mhas_dns[0m[2m=[0mfalse
[2m2026-01-28T13:17:41.409230Z[0m [32m INFO[0m [2mkameo_remote::handle[0m[2m:[0m ✅ GOSSIP RETRY: Successfully reconnected to peer [3mpeer[0m[2m=[0m127.0.0.1:12000
[2m2026-01-28T13:17:41.414336Z[0m [32m INFO[0m [2mkameo_remote::registry[0m[2m:[0m delayed query: now checking peer consensus after 100ms [3mfailed_peer[0m[2m=[0m127.0.0.1:57632
[2m2026-01-28T13:17:41.414400Z[0m [33m WARN[0m [2mkameo_remote::registry[0m[2m:[0m 🔍 Starting consensus query for peer (may have active connection to different peer after reconnection) [3mtarget_peer[0m[2m=[0m127.0.0.1:57632
[2m2026-01-28T13:17:41.414428Z[0m [32m INFO[0m [2mkameo_remote::registry[0m[2m:[0m querying peers for health consensus [3mtarget_peer[0m[2m=[0m127.0.0.1:57632 [3mquerying_peers[0m[2m=[0m1
[2m2026-01-28T13:17:41.414765Z[0m [32m INFO[0m [2mkameo_remote::registry[0m[2m:[0m checking peer consensus [3mpeer[0m[2m=[0m127.0.0.1:57632 [3malive_votes[0m[2m=[0m0 [3mdead_votes[0m[2m=[0m2 [3mtotal_reports[0m[2m=[0m2 [3mtotal_peers[0m[2m=[0m2
[2m2026-01-28T13:17:41.414778Z[0m [32m INFO[0m [2mkameo_remote::registry[0m[2m:[0m consensus: majority says peer is dead, but keeping actors for reconnection [3mpeer[0m[2m=[0m127.0.0.1:57632 [3mdead_votes[0m[2m=[0m2 [3malive_votes[0m[2m=[0m0
[2m2026-01-28T13:17:41.424157Z[0m [32m INFO[0m [2mkameo_remote::handle[0m[2m:[0m 🔄 GOSSIP RETRY: Attempting to reconnect to previously failed peer [3mpeer[0m[2m=[0m127.0.0.1:12000 [3mhas_dns[0m[2m=[0mfalse
[2m2026-01-28T13:17:41.424218Z[0m [32m INFO[0m [2mkameo_remote::handle[0m[2m:[0m ✅ GOSSIP RETRY: Successfully reconnected to peer [3mpeer[0m[2m=[0m127.0.0.1:12000
[2m2026-01-28T13:17:41.563036Z[0m [32m INFO[0m [2mkameo_remote::handle[0m[2m:[0m 🔄 GOSSIP RETRY: Attempting to reconnect to previously failed peer [3mpeer[0m[2m=[0m127.0.0.1:12000 [3mhas_dns[0m[2m=[0mfalse
[2m2026-01-28T13:17:41.563109Z[0m [32m INFO[0m [2mkameo_remote::handle[0m[2m:[0m ✅ GOSSIP RETRY: Successfully reconnected to peer [3mpeer[0m[2m=[0m127.0.0.1:12000
[2m2026-01-28T13:17:41.563164Z[0m [32m INFO[0m [2mkameo_remote::handle[0m[2m:[0m 🔄 GOSSIP RETRY: Attempting to reconnect to previously failed peer [3mpeer[0m[2m=[0m127.0.0.1:12000 [3mhas_dns[0m[2m=[0mfalse
[2m2026-01-28T13:17:41.563211Z[0m [32m INFO[0m [2mkameo_remote::handle[0m[2m:[0m ✅ GOSSIP RETRY: Successfully reconnected to peer [3mpeer[0m[2m=[0m127.0.0.1:12000
[2m2026-01-28T13:17:41.685009Z[0m [32m INFO[0m [2mkameo_remote::handle[0m[2m:[0m 🔄 GOSSIP RETRY: Attempting to reconnect to previously failed peer [3mpeer[0m[2m=[0m127.0.0.1:12000 [3mhas_dns[0m[2m=[0mfalse
[2m2026-01-28T13:17:41.685084Z[0m [32m INFO[0m [2mkameo_remote::handle[0m[2m:[0m ✅ GOSSIP RETRY: Successfully reconnected to peer [3mpeer[0m[2m=[0m127.0.0.1:12000
[2m2026-01-28T13:17:41.740261Z[0m [32m INFO[0m [2mkameo_remote::handle[0m[2m:[0m 🔄 GOSSIP RETRY: Attempting to reconnect to previously failed peer [3mpeer[0m[2m=[0m127.0.0.1:12000 [3mhas_dns[0m[2m=[0mfalse
[2m2026-01-28T13:17:41.740400Z[0m [32m INFO[0m [2mkameo_remote::handle[0m[2m:[0m ✅ GOSSIP RETRY: Successfully reconnected to peer [3mpeer[0m[2m=[0m127.0.0.1:12000
[2m2026-01-28T13:17:41.875868Z[0m [32m INFO[0m [2mkameo_remote::handle[0m[2m:[0m 🔄 GOSSIP RETRY: Attempting to reconnect to previously failed peer [3mpeer[0m[2m=[0m127.0.0.1:12000 [3mhas_dns[0m[2m=[0mfalse
[2m2026-01-28T13:17:41.875933Z[0m [32m INFO[0m [2mkameo_remote::handle[0m[2m:[0m ✅ GOSSIP RETRY: Successfully reconnected to peer [3mpeer[0m[2m=[0m127.0.0.1:12000
[2m2026-01-28T13:17:41.918367Z[0m [32m INFO[0m [2mkameo_remote::handle[0m[2m:[0m 🔄 GOSSIP RETRY: Attempting to reconnect to previously failed peer [3mpeer[0m[2m=[0m127.0.0.1:12000 [3mhas_dns[0m[2m=[0mfalse
[2m2026-01-28T13:17:41.918440Z[0m [32m INFO[0m [2mkameo_remote::handle[0m[2m:[0m ✅ GOSSIP RETRY: Successfully reconnected to peer [3mpeer[0m[2m=[0m127.0.0.1:12000
[2m2026-01-28T13:17:41.989321Z[0m [32m INFO[0m [2mkameo_remote::handle[0m[2m:[0m 🔄 GOSSIP RETRY: Attempting to reconnect to previously failed peer [3mpeer[0m[2m=[0m127.0.0.1:12000 [3mhas_dns[0m[2m=[0mfalse
[2m2026-01-28T13:17:41.989406Z[0m [32m INFO[0m [2mkameo_remote::handle[0m[2m:[0m ✅ GOSSIP RETRY: Successfully reconnected to peer [3mpeer[0m[2m=[0m127.0.0.1:12000
[2m2026-01-28T13:17:42.071437Z[0m [32m INFO[0m [2mkameo_remote::handle[0m[2m:[0m 🔄 GOSSIP RETRY: Attempting to reconnect to previously failed peer [3mpeer[0m[2m=[0m127.0.0.1:12000 [3mhas_dns[0m[2m=[0mfalse
[2m2026-01-28T13:17:42.071506Z[0m [32m INFO[0m [2mkameo_remote::handle[0m[2m:[0m ✅ GOSSIP RETRY: Successfully reconnected to peer [3mpeer[0m[2m=[0m127.0.0.1:12000
[2m2026-01-28T13:17:42.114957Z[0m [32m INFO[0m [2mkameo_remote::handle[0m[2m:[0m 🔄 GOSSIP RETRY: Attempting to reconnect to previously failed peer [3mpeer[0m[2m=[0m127.0.0.1:12000 [3mhas_dns[0m[2m=[0mfalse
[2m2026-01-28T13:17:42.115022Z[0m [32m INFO[0m [2mkameo_remote::handle[0m[2m:[0m ✅ GOSSIP RETRY: Successfully reconnected to peer [3mpeer[0m[2m=[0m127.0.0.1:12000
[2m2026-01-28T13:17:42.203556Z[0m [32m INFO[0m [2mkameo_remote::handle[0m[2m:[0m 🔄 GOSSIP RETRY: Attempting to reconnect to previously failed peer [3mpeer[0m[2m=[0m127.0.0.1:12000 [3mhas_dns[0m[2m=[0mfalse
[2m2026-01-28T13:17:42.203638Z[0m [32m INFO[0m [2mkameo_remote::handle[0m[2m:[0m ✅ GOSSIP RETRY: Successfully reconnected to peer [3mpeer[0m[2m=[0m127.0.0.1:12000
[2m2026-01-28T13:17:42.266815Z[0m [32m INFO[0m [2mkameo_remote::handle[0m[2m:[0m 🔄 GOSSIP RETRY: Attempting to reconnect to previously failed peer [3mpeer[0m[2m=[0m127.0.0.1:12000 [3mhas_dns[0m[2m=[0mfalse
[2m2026-01-28T13:17:42.266883Z[0m [32m INFO[0m [2mkameo_remote::handle[0m[2m:[0m ✅ GOSSIP RETRY: Successfully reconnected to peer [3mpeer[0m[2m=[0m127.0.0.1:12000
[2m2026-01-28T13:17:42.331131Z[0m [32m INFO[0m [2mkameo_remote::handle[0m[2m:[0m 🔄 GOSSIP RETRY: Attempting to reconnect to previously failed peer [3mpeer[0m[2m=[0m127.0.0.1:12000 [3mhas_dns[0m[2m=[0mfalse
[2m2026-01-28T13:17:42.331213Z[0m [32m INFO[0m [2mkameo_remote::handle[0m[2m:[0m ✅ GOSSIP RETRY: Successfully reconnected to peer [3mpeer[0m[2m=[0m127.0.0.1:12000
[2m2026-01-28T13:17:42.452599Z[0m [32m INFO[0m [2mkameo_remote::handle[0m[2m:[0m 🔄 GOSSIP RETRY: Attempting to reconnect to previously failed peer [3mpeer[0m[2m=[0m127.0.0.1:12000 [3mhas_dns[0m[2m=[0mfalse
[2m2026-01-28T13:17:42.452655Z[0m [32m INFO[0m [2mkameo_remote::handle[0m[2m:[0m ✅ GOSSIP RETRY: Successfully reconnected to peer [3mpeer[0m[2m=[0m127.0.0.1:12000
[2m2026-01-28T13:17:42.484718Z[0m [32m INFO[0m [2mkameo_remote::handle[0m[2m:[0m 🔄 GOSSIP RETRY: Attempting to reconnect to previously failed peer [3mpeer[0m[2m=[0m127.0.0.1:12000 [3mhas_dns[0m[2m=[0mfalse
[2m2026-01-28T13:17:42.484778Z[0m [32m INFO[0m [2mkameo_remote::handle[0m[2m:[0m ✅ GOSSIP RETRY: Successfully reconnected to peer [3mpeer[0m[2m=[0m127.0.0.1:12000
[2m2026-01-28T13:17:42.616428Z[0m [32m INFO[0m [2mkameo_remote::handle[0m[2m:[0m 🔄 GOSSIP RETRY: Attempting to reconnect to previously failed peer [3mpeer[0m[2m=[0m127.0.0.1:12000 [3mhas_dns[0m[2m=[0mfalse
[2m2026-01-28T13:17:42.616523Z[0m [32m INFO[0m [2mkameo_remote::handle[0m[2m:[0m ✅ GOSSIP RETRY: Successfully reconnected to peer [3mpeer[0m[2m=[0m127.0.0.1:12000
[2m2026-01-28T13:17:42.652475Z[0m [32m INFO[0m [2mkameo_remote::handle[0m[2m:[0m 🔄 GOSSIP RETRY: Attempting to reconnect to previously failed peer [3mpeer[0m[2m=[0m127.0.0.1:12000 [3mhas_dns[0m[2m=[0mfalse
[2m2026-01-28T13:17:42.652556Z[0m [32m INFO[0m [2mkameo_remote::handle[0m[2m:[0m ✅ GOSSIP RETRY: Successfully reconnected to peer [3mpeer[0m[2m=[0m127.0.0.1:12000
[2m2026-01-28T13:17:42.746841Z[0m [32m INFO[0m [2mkameo_remote::handle[0m[2m:[0m 🔄 GOSSIP RETRY: Attempting to reconnect to previously failed peer [3mpeer[0m[2m=[0m127.0.0.1:12000 [3mhas_dns[0m[2m=[0mfalse
[2m2026-01-28T13:17:42.746928Z[0m [32m INFO[0m [2mkameo_remote::handle[0m[2m:[0m ✅ GOSSIP RETRY: Successfully reconnected to peer [3mpeer[0m[2m=[0m127.0.0.1:12000
[2m2026-01-28T13:17:42.799496Z[0m [32m INFO[0m [2mkameo_remote::handle[0m[2m:[0m 🔄 GOSSIP RETRY: Attempting to reconnect to previously failed peer [3mpeer[0m[2m=[0m127.0.0.1:12000 [3mhas_dns[0m[2m=[0mfalse
[2m2026-01-28T13:17:42.799581Z[0m [32m INFO[0m [2mkameo_remote::handle[0m[2m:[0m ✅ GOSSIP RETRY: Successfully reconnected to peer [3mpeer[0m[2m=[0m127.0.0.1:12000
[2m2026-01-28T13:17:42.891327Z[0m [32m INFO[0m [2mkameo_remote::handle[0m[2m:[0m 🔄 GOSSIP RETRY: Attempting to reconnect to previously failed peer [3mpeer[0m[2m=[0m127.0.0.1:12000 [3mhas_dns[0m[2m=[0mfalse
[2m2026-01-28T13:17:42.891403Z[0m [32m INFO[0m [2mkameo_remote::handle[0m[2m:[0m ✅ GOSSIP RETRY: Successfully reconnected to peer [3mpeer[0m[2m=[0m127.0.0.1:12000
[2m2026-01-28T13:17:42.901245Z[0m [32m INFO[0m [2mkameo_remote::handle[0m[2m:[0m 🔄 GOSSIP RETRY: Attempting to reconnect to previously failed peer [3mpeer[0m[2m=[0m127.0.0.1:12000 [3mhas_dns[0m[2m=[0mfalse
[2m2026-01-28T13:17:42.901335Z[0m [32m INFO[0m [2mkameo_remote::handle[0m[2m:[0m ✅ GOSSIP RETRY: Successfully reconnected to peer [3mpeer[0m[2m=[0m127.0.0.1:12000
[2m2026-01-28T13:17:43.044539Z[0m [32m INFO[0m [2mkameo_remote::handle[0m[2m:[0m 🔄 GOSSIP RETRY: Attempting to reconnect to previously failed peer [3mpeer[0m[2m=[0m127.0.0.1:12000 [3mhas_dns[0m[2m=[0mfalse
[2m2026-01-28T13:17:43.044715Z[0m [32m INFO[0m [2mkameo_remote::handle[0m[2m:[0m ✅ GOSSIP RETRY: Successfully reconnected to peer [3mpeer[0m[2m=[0m127.0.0.1:12000
[2m2026-01-28T13:17:43.073064Z[0m [32m INFO[0m [2mkameo_remote::handle[0m[2m:[0m 🔄 GOSSIP RETRY: Attempting to reconnect to previously failed peer [3mpeer[0m[2m=[0m127.0.0.1:12000 [3mhas_dns[0m[2m=[0mfalse
[2m2026-01-28T13:17:43.073277Z[0m [32m INFO[0m [2mkameo_remote::handle[0m[2m:[0m ✅ GOSSIP RETRY: Successfully reconnected to peer [3mpeer[0m[2m=[0m127.0.0.1:12000
[2m2026-01-28T13:17:43.199149Z[0m [32m INFO[0m [2mkameo_remote::handle[0m[2m:[0m 🔄 GOSSIP RETRY: Attempting to reconnect to previously failed peer [3mpeer[0m[2m=[0m127.0.0.1:12000 [3mhas_dns[0m[2m=[0mfalse
[2m2026-01-28T13:17:43.199246Z[0m [32m INFO[0m [2mkameo_remote::handle[0m[2m:[0m ✅ GOSSIP RETRY: Successfully reconnected to peer [3mpeer[0m[2m=[0m127.0.0.1:12000
[2m2026-01-28T13:17:43.212931Z[0m [32m INFO[0m [2mkameo_remote::handle[0m[2m:[0m 🔄 GOSSIP RETRY: Attempting to reconnect to previously failed peer [3mpeer[0m[2m=[0m127.0.0.1:12000 [3mhas_dns[0m[2m=[0mfalse
[2m2026-01-28T13:17:43.213131Z[0m [32m INFO[0m [2mkameo_remote::handle[0m[2m:[0m ✅ GOSSIP RETRY: Successfully reconnected to peer [3mpeer[0m[2m=[0m127.0.0.1:12000
[2m2026-01-28T13:17:43.350473Z[0m [32m INFO[0m [2mkameo_remote::handle[0m[2m:[0m 🔄 GOSSIP RETRY: Attempting to reconnect to previously failed peer [3mpeer[0m[2m=[0m127.0.0.1:12000 [3mhas_dns[0m[2m=[0mfalse
[2m2026-01-28T13:17:43.350555Z[0m [32m INFO[0m [2mkameo_remote::handle[0m[2m:[0m ✅ GOSSIP RETRY: Successfully reconnected to peer [3mpeer[0m[2m=[0m127.0.0.1:12000
[2m2026-01-28T13:17:43.377089Z[0m [32m INFO[0m [2mkameo_remote::handle[0m[2m:[0m 🔄 GOSSIP RETRY: Attempting to reconnect to previously failed peer [3mpeer[0m[2m=[0m127.0.0.1:12000 [3mhas_dns[0m[2m=[0mfalse
[2m2026-01-28T13:17:43.377173Z[0m [32m INFO[0m [2mkameo_remote::handle[0m[2m:[0m ✅ GOSSIP RETRY: Successfully reconnected to peer [3mpeer[0m[2m=[0m127.0.0.1:12000
[2m2026-01-28T13:17:43.501165Z[0m [32m INFO[0m [2mkameo_remote::handle[0m[2m:[0m 🔄 GOSSIP RETRY: Attempting to reconnect to previously failed peer [3mpeer[0m[2m=[0m127.0.0.1:12000 [3mhas_dns[0m[2m=[0mfalse
[2m2026-01-28T13:17:43.501352Z[0m [32m INFO[0m [2mkameo_remote::handle[0m[2m:[0m ✅ GOSSIP RETRY: Successfully reconnected to peer [3mpeer[0m[2m=[0m127.0.0.1:12000
[2m2026-01-28T13:17:43.574374Z[0m [32m INFO[0m [2mkameo_remote::handle[0m[2m:[0m 🔄 GOSSIP RETRY: Attempting to reconnect to previously failed peer [3mpeer[0m[2m=[0m127.0.0.1:12000 [3mhas_dns[0m[2m=[0mfalse
[2m2026-01-28T13:17:43.574538Z[0m [32m INFO[0m [2mkameo_remote::handle[0m[2m:[0m ✅ GOSSIP RETRY: Successfully reconnected to peer [3mpeer[0m[2m=[0m127.0.0.1:12000
[2m2026-01-28T13:17:43.691982Z[0m [32m INFO[0m [2mkameo_remote::handle[0m[2m:[0m 🔄 GOSSIP RETRY: Attempting to reconnect to previously failed peer [3mpeer[0m[2m=[0m127.0.0.1:12000 [3mhas_dns[0m[2m=[0mfalse
[2m2026-01-28T13:17:43.692069Z[0m [32m INFO[0m [2mkameo_remote::handle[0m[2m:[0m ✅ GOSSIP RETRY: Successfully reconnected to peer [3mpeer[0m[2m=[0m127.0.0.1:12000
[2m2026-01-28T13:17:43.742051Z[0m [32m INFO[0m [2mkameo_remote::handle[0m[2m:[0m 🔄 GOSSIP RETRY: Attempting to reconnect to previously failed peer [3mpeer[0m[2m=[0m127.0.0.1:12000 [3mhas_dns[0m[2m=[0mfalse
[2m2026-01-28T13:17:43.742219Z[0m [32m INFO[0m [2mkameo_remote::handle[0m[2m:[0m ✅ GOSSIP RETRY: Successfully reconnected to peer [3mpeer[0m[2m=[0m127.0.0.1:12000
[2m2026-01-28T13:17:43.803463Z[0m [32m INFO[0m [2mkameo_remote::handle[0m[2m:[0m 🔄 GOSSIP RETRY: Attempting to reconnect to previously failed peer [3mpeer[0m[2m=[0m127.0.0.1:12000 [3mhas_dns[0m[2m=[0mfalse
[2m2026-01-28T13:17:43.803544Z[0m [32m INFO[0m [2mkameo_remote::handle[0m[2m:[0m ✅ GOSSIP RETRY: Successfully reconnected to peer [3mpeer[0m[2m=[0m127.0.0.1:12000
[2m2026-01-28T13:17:43.851573Z[0m [32m INFO[0m [2mkameo_remote::handle[0m[2m:[0m 🔄 GOSSIP RETRY: Attempting to reconnect to previously failed peer [3mpeer[0m[2m=[0m127.0.0.1:12000 [3mhas_dns[0m[2m=[0mfalse
[2m2026-01-28T13:17:43.851691Z[0m [32m INFO[0m [2mkameo_remote::handle[0m[2m:[0m ✅ GOSSIP RETRY: Successfully reconnected to peer [3mpeer[0m[2m=[0m127.0.0.1:12000
[2m2026-01-28T13:17:43.968347Z[0m [32m INFO[0m [2mkameo_remote::handle[0m[2m:[0m 🔄 GOSSIP RETRY: Attempting to reconnect to previously failed peer [3mpeer[0m[2m=[0m127.0.0.1:12000 [3mhas_dns[0m[2m=[0mfalse
[2m2026-01-28T13:17:43.968433Z[0m [32m INFO[0m [2mkameo_remote::handle[0m[2m:[0m ✅ GOSSIP RETRY: Successfully reconnected to peer [3mpeer[0m[2m=[0m127.0.0.1:12000
[2m2026-01-28T13:17:44.025206Z[0m [32m INFO[0m [2mkameo_remote::handle[0m[2m:[0m 🔄 GOSSIP RETRY: Attempting to reconnect to previously failed peer [3mpeer[0m[2m=[0m127.0.0.1:12000 [3mhas_dns[0m[2m=[0mfalse
[2m2026-01-28T13:17:44.025281Z[0m [32m INFO[0m [2mkameo_remote::handle[0m[2m:[0m ✅ GOSSIP RETRY: Successfully reconnected to peer [3mpeer[0m[2m=[0m127.0.0.1:12000
[2m2026-01-28T13:17:44.110950Z[0m [32m INFO[0m [2mkameo_remote::handle[0m[2m:[0m 🔄 GOSSIP RETRY: Attempting to reconnect to previously failed peer [3mpeer[0m[2m=[0m127.0.0.1:12000 [3mhas_dns[0m[2m=[0mfalse
[2m2026-01-28T13:17:44.111062Z[0m [32m INFO[0m [2mkameo_remote::handle[0m[2m:[0m ✅ GOSSIP RETRY: Successfully reconnected to peer [3mpeer[0m[2m=[0m127.0.0.1:12000
[2m2026-01-28T13:17:44.138427Z[0m [32m INFO[0m [2mkameo_remote::handle[0m[2m:[0m 🔄 GOSSIP RETRY: Attempting to reconnect to previously failed peer [3mpeer[0m[2m=[0m127.0.0.1:12000 [3mhas_dns[0m[2m=[0mfalse
[2m2026-01-28T13:17:44.138543Z[0m [32m INFO[0m [2mkameo_remote::handle[0m[2m:[0m ✅ GOSSIP RETRY: Successfully reconnected to peer [3mpeer[0m[2m=[0m127.0.0.1:12000
[2m2026-01-28T13:17:44.276500Z[0m [32m INFO[0m [2mkameo_remote::handle[0m[2m:[0m 🔄 GOSSIP RETRY: Attempting to reconnect to previously failed peer [3mpeer[0m[2m=[0m127.0.0.1:12000 [3mhas_dns[0m[2m=[0mfalse
[2m2026-01-28T13:17:44.276654Z[0m [32m INFO[0m [2mkameo_remote::handle[0m[2m:[0m ✅ GOSSIP RETRY: Successfully reconnected to peer [3mpeer[0m[2m=[0m127.0.0.1:12000
[2m2026-01-28T13:17:44.293806Z[0m [32m INFO[0m [2mkameo_remote::handle[0m[2m:[0m 🔄 GOSSIP RETRY: Attempting to reconnect to previously failed peer [3mpeer[0m[2m=[0m127.0.0.1:12000 [3mhas_dns[0m[2m=[0mfalse
[2m2026-01-28T13:17:44.293966Z[0m [32m INFO[0m [2mkameo_remote::handle[0m[2m:[0m ✅ GOSSIP RETRY: Successfully reconnected to peer [3mpeer[0m[2m=[0m127.0.0.1:12000
[2m2026-01-28T13:17:44.468713Z[0m [32m INFO[0m [2mkameo_remote::handle[0m[2m:[0m 🔄 GOSSIP RETRY: Attempting to reconnect to previously failed peer [3mpeer[0m[2m=[0m127.0.0.1:12000 [3mhas_dns[0m[2m=[0mfalse
[2m2026-01-28T13:17:44.468783Z[0m [32m INFO[0m [2mkameo_remote::handle[0m[2m:[0m ✅ GOSSIP RETRY: Successfully reconnected to peer [3mpeer[0m[2m=[0m127.0.0.1:12000
[2m2026-01-28T13:17:44.469384Z[0m [32m INFO[0m [2mkameo_remote::handle[0m[2m:[0m 🔄 GOSSIP RETRY: Attempting to reconnect to previously failed peer [3mpeer[0m[2m=[0m127.0.0.1:12000 [3mhas_dns[0m[2m=[0mfalse
[2m2026-01-28T13:17:44.469428Z[0m [32m INFO[0m [2mkameo_remote::handle[0m[2m:[0m ✅ GOSSIP RETRY: Successfully reconnected to peer [3mpeer[0m[2m=[0m127.0.0.1:12000
[2m2026-01-28T13:17:44.589346Z[0m [32m INFO[0m [2mkameo_remote::handle[0m[2m:[0m 🔄 GOSSIP RETRY: Attempting to reconnect to previously failed peer [3mpeer[0m[2m=[0m127.0.0.1:12000 [3mhas_dns[0m[2m=[0mfalse
[2m2026-01-28T13:17:44.589426Z[0m [32m INFO[0m [2mkameo_remote::handle[0m[2m:[0m ✅ GOSSIP RETRY: Successfully reconnected to peer [3mpeer[0m[2m=[0m127.0.0.1:12000
[2m2026-01-28T13:17:44.589593Z[0m [32m INFO[0m [2mkameo_remote::handle[0m[2m:[0m 🔄 GOSSIP RETRY: Attempting to reconnect to previously failed peer [3mpeer[0m[2m=[0m127.0.0.1:12000 [3mhas_dns[0m[2m=[0mfalse
[2m2026-01-28T13:17:44.589634Z[0m [32m INFO[0m [2mkameo_remote::handle[0m[2m:[0m ✅ GOSSIP RETRY: Successfully reconnected to peer [3mpeer[0m[2m=[0m127.0.0.1:12000
[2m2026-01-28T13:17:44.732150Z[0m [32m INFO[0m [2mkameo_remote::handle[0m[2m:[0m 🔄 GOSSIP RETRY: Attempting to reconnect to previously failed peer [3mpeer[0m[2m=[0m127.0.0.1:12000 [3mhas_dns[0m[2m=[0mfalse
[2m2026-01-28T13:17:44.732222Z[0m [32m INFO[0m [2mkameo_remote::handle[0m[2m:[0m ✅ GOSSIP RETRY: Successfully reconnected to peer [3mpeer[0m[2m=[0m127.0.0.1:12000
[2m2026-01-28T13:17:44.788454Z[0m [32m INFO[0m [2mkameo_remote::handle[0m[2m:[0m 🔄 GOSSIP RETRY: Attempting to reconnect to previously failed peer [3mpeer[0m[2m=[0m127.0.0.1:12000 [3mhas_dns[0m[2m=[0mfalse
[2m2026-01-28T13:17:44.788522Z[0m [32m INFO[0m [2mkameo_remote::handle[0m[2m:[0m ✅ GOSSIP RETRY: Successfully reconnected to peer [3mpeer[0m[2m=[0m127.0.0.1:12000
[2m2026-01-28T13:17:44.901416Z[0m [32m INFO[0m [2mkameo_remote::handle[0m[2m:[0m 🔄 GOSSIP RETRY: Attempting to reconnect to previously failed peer [3mpeer[0m[2m=[0m127.0.0.1:12000 [3mhas_dns[0m[2m=[0mfalse
[2m2026-01-28T13:17:44.901496Z[0m [32m INFO[0m [2mkameo_remote::handle[0m[2m:[0m ✅ GOSSIP RETRY: Successfully reconnected to peer [3mpeer[0m[2m=[0m127.0.0.1:12000
[2m2026-01-28T13:17:44.930351Z[0m [32m INFO[0m [2mkameo_remote::handle[0m[2m:[0m 🔄 GOSSIP RETRY: Attempting to reconnect to previously failed peer [3mpeer[0m[2m=[0m127.0.0.1:12000 [3mhas_dns[0m[2m=[0mfalse
[2m2026-01-28T13:17:44.930413Z[0m [32m INFO[0m [2mkameo_remote::handle[0m[2m:[0m ✅ GOSSIP RETRY: Successfully reconnected to peer [3mpeer[0m[2m=[0m127.0.0.1:12000
[2m2026-01-28T13:17:45.061561Z[0m [32m INFO[0m [2mkameo_remote::handle[0m[2m:[0m 🔄 GOSSIP RETRY: Attempting to reconnect to previously failed peer [3mpeer[0m[2m=[0m127.0.0.1:12000 [3mhas_dns[0m[2m=[0mfalse
[2m2026-01-28T13:17:45.061642Z[0m [32m INFO[0m [2mkameo_remote::handle[0m[2m:[0m ✅ GOSSIP RETRY: Successfully reconnected to peer [3mpeer[0m[2m=[0m127.0.0.1:12000
[2m2026-01-28T13:17:45.078399Z[0m [32m INFO[0m [2mkameo_remote::handle[0m[2m:[0m 🔄 GOSSIP RETRY: Attempting to reconnect to previously failed peer [3mpeer[0m[2m=[0m127.0.0.1:12000 [3mhas_dns[0m[2m=[0mfalse
[2m2026-01-28T13:17:45.078472Z[0m [32m INFO[0m [2mkameo_remote::handle[0m[2m:[0m ✅ GOSSIP RETRY: Successfully reconnected to peer [3mpeer[0m[2m=[0m127.0.0.1:12000
[2m2026-01-28T13:17:45.192282Z[0m [32m INFO[0m [2mkameo_remote::handle[0m[2m:[0m 🔄 GOSSIP RETRY: Attempting to reconnect to previously failed peer [3mpeer[0m[2m=[0m127.0.0.1:12000 [3mhas_dns[0m[2m=[0mfalse
[2m2026-01-28T13:17:45.192349Z[0m [32m INFO[0m [2mkameo_remote::handle[0m[2m:[0m ✅ GOSSIP RETRY: Successfully reconnected to peer [3mpeer[0m[2m=[0m127.0.0.1:12000
[2m2026-01-28T13:17:45.222580Z[0m [32m INFO[0m [2mkameo_remote::handle[0m[2m:[0m 🔄 GOSSIP RETRY: Attempting to reconnect to previously failed peer [3mpeer[0m[2m=[0m127.0.0.1:12000 [3mhas_dns[0m[2m=[0mfalse
[2m2026-01-28T13:17:45.222661Z[0m [32m INFO[0m [2mkameo_remote::handle[0m[2m:[0m ✅ GOSSIP RETRY: Successfully reconnected to peer [3mpeer[0m[2m=[0m127.0.0.1:12000
[2m2026-01-28T13:17:45.369653Z[0m [32m INFO[0m [2mkameo_remote::handle[0m[2m:[0m 🔄 GOSSIP RETRY: Attempting to reconnect to previously failed peer [3mpeer[0m[2m=[0m127.0.0.1:12000 [3mhas_dns[0m[2m=[0mfalse
[2m2026-01-28T13:17:45.369736Z[0m [32m INFO[0m [2mkameo_remote::handle[0m[2m:[0m ✅ GOSSIP RETRY: Successfully reconnected to peer [3mpeer[0m[2m=[0m127.0.0.1:12000
[2m2026-01-28T13:17:45.395380Z[0m [32m INFO[0m [2mkameo_remote::handle[0m[2m:[0m 🔄 GOSSIP RETRY: Attempting to reconnect to previously failed peer [3mpeer[0m[2m=[0m127.0.0.1:12000 [3mhas_dns[0m[2m=[0mfalse
[2m2026-01-28T13:17:45.395444Z[0m [32m INFO[0m [2mkameo_remote::handle[0m[2m:[0m ✅ GOSSIP RETRY: Successfully reconnected to peer [3mpeer[0m[2m=[0m127.0.0.1:12000
[2m2026-01-28T13:17:45.504598Z[0m [32m INFO[0m [2mkameo_remote::handle[0m[2m:[0m 🔄 GOSSIP RETRY: Attempting to reconnect to previously failed peer [3mpeer[0m[2m=[0m127.0.0.1:12000 [3mhas_dns[0m[2m=[0mfalse
[2m2026-01-28T13:17:45.504677Z[0m [32m INFO[0m [2mkameo_remote::handle[0m[2m:[0m ✅ GOSSIP RETRY: Successfully reconnected to peer [3mpeer[0m[2m=[0m127.0.0.1:12000
[2m2026-01-28T13:17:45.529584Z[0m [32m INFO[0m [2mkameo_remote::handle[0m[2m:[0m 🔄 GOSSIP RETRY: Attempting to reconnect to previously failed peer [3mpeer[0m[2m=[0m127.0.0.1:12000 [3mhas_dns[0m[2m=[0mfalse
[2m2026-01-28T13:17:45.529649Z[0m [32m INFO[0m [2mkameo_remote::handle[0m[2m:[0m ✅ GOSSIP RETRY: Successfully reconnected to peer [3mpeer[0m[2m=[0m127.0.0.1:12000
[2m2026-01-28T13:17:45.633521Z[0m [32m INFO[0m [2mkameo_remote::handle[0m[2m:[0m 🔄 GOSSIP RETRY: Attempting to reconnect to previously failed peer [3mpeer[0m[2m=[0m127.0.0.1:12000 [3mhas_dns[0m[2m=[0mfalse
[2m2026-01-28T13:17:45.633602Z[0m [32m INFO[0m [2mkameo_remote::handle[0m[2m:[0m ✅ GOSSIP RETRY: Successfully reconnected to peer [3mpeer[0m[2m=[0m127.0.0.1:12000
[2m2026-01-28T13:17:45.704330Z[0m [32m INFO[0m [2mkameo_remote::handle[0m[2m:[0m 🔄 GOSSIP RETRY: Attempting to reconnect to previously failed peer [3mpeer[0m[2m=[0m127.0.0.1:12000 [3mhas_dns[0m[2m=[0mfalse
[2m2026-01-28T13:17:45.704410Z[0m [32m INFO[0m [2mkameo_remote::handle[0m[2m:[0m ✅ GOSSIP RETRY: Successfully reconnected to peer [3mpeer[0m[2m=[0m127.0.0.1:12000
[2m2026-01-28T13:17:45.816439Z[0m [32m INFO[0m [2mkameo_remote::handle[0m[2m:[0m 🔄 GOSSIP RETRY: Attempting to reconnect to previously failed peer [3mpeer[0m[2m=[0m127.0.0.1:12000 [3mhas_dns[0m[2m=[0mfalse
[2m2026-01-28T13:17:45.816516Z[0m [32m INFO[0m [2mkameo_remote::handle[0m[2m:[0m ✅ GOSSIP RETRY: Successfully reconnected to peer [3mpeer[0m[2m=[0m127.0.0.1:12000
[2m2026-01-28T13:17:45.820953Z[0m [32m INFO[0m [2mkameo_remote::handle[0m[2m:[0m 🔄 GOSSIP RETRY: Attempting to reconnect to previously failed peer [3mpeer[0m[2m=[0m127.0.0.1:12000 [3mhas_dns[0m[2m=[0mfalse
[2m2026-01-28T13:17:45.821017Z[0m [32m INFO[0m [2mkameo_remote::handle[0m[2m:[0m ✅ GOSSIP RETRY: Successfully reconnected to peer [3mpeer[0m[2m=[0m127.0.0.1:12000
[2m2026-01-28T13:17:45.978549Z[0m [32m INFO[0m [2mkameo_remote::handle[0m[2m:[0m 🔄 GOSSIP RETRY: Attempting to reconnect to previously failed peer [3mpeer[0m[2m=[0m127.0.0.1:12000 [3mhas_dns[0m[2m=[0mfalse
[2m2026-01-28T13:17:45.978848Z[0m [32m INFO[0m [2mkameo_remote::handle[0m[2m:[0m ✅ GOSSIP RETRY: Successfully reconnected to peer [3mpeer[0m[2m=[0m127.0.0.1:12000
[2m2026-01-28T13:17:46.003215Z[0m [32m INFO[0m [2mkameo_remote::handle[0m[2m:[0m 🔄 GOSSIP RETRY: Attempting to reconnect to previously failed peer [3mpeer[0m[2m=[0m127.0.0.1:12000 [3mhas_dns[0m[2m=[0mfalse
[2m2026-01-28T13:17:46.003523Z[0m [32m INFO[0m [2mkameo_remote::handle[0m[2m:[0m ✅ GOSSIP RETRY: Successfully reconnected to peer [3mpeer[0m[2m=[0m127.0.0.1:12000
[2m2026-01-28T13:17:46.106939Z[0m [32m INFO[0m [2mkameo_remote::handle[0m[2m:[0m 🔄 GOSSIP RETRY: Attempting to reconnect to previously failed peer [3mpeer[0m[2m=[0m127.0.0.1:12000 [3mhas_dns[0m[2m=[0mfalse
[2m2026-01-28T13:17:46.107029Z[0m [32m INFO[0m [2mkameo_remote::handle[0m[2m:[0m ✅ GOSSIP RETRY: Successfully reconnected to peer [3mpeer[0m[2m=[0m127.0.0.1:12000
[2m2026-01-28T13:17:46.134778Z[0m [32m INFO[0m [2mkameo_remote::handle[0m[2m:[0m 🔄 GOSSIP RETRY: Attempting to reconnect to previously failed peer [3mpeer[0m[2m=[0m127.0.0.1:12000 [3mhas_dns[0m[2m=[0mfalse
[2m2026-01-28T13:17:46.134938Z[0m [32m INFO[0m [2mkameo_remote::handle[0m[2m:[0m ✅ GOSSIP RETRY: Successfully reconnected to peer [3mpeer[0m[2m=[0m127.0.0.1:12000
[2m2026-01-28T13:17:46.227036Z[0m [32m INFO[0m [2mkameo_remote::handle[0m[2m:[0m 🔄 GOSSIP RETRY: Attempting to reconnect to previously failed peer [3mpeer[0m[2m=[0m127.0.0.1:12000 [3mhas_dns[0m[2m=[0mfalse
[2m2026-01-28T13:17:46.227134Z[0m [32m INFO[0m [2mkameo_remote::handle[0m[2m:[0m ✅ GOSSIP RETRY: Successfully reconnected to peer [3mpeer[0m[2m=[0m127.0.0.1:12000
[2m2026-01-28T13:17:46.318936Z[0m [32m INFO[0m [2mkameo_remote::handle[0m[2m:[0m 🔄 GOSSIP RETRY: Attempting to reconnect to previously failed peer [3mpeer[0m[2m=[0m127.0.0.1:12000 [3mhas_dns[0m[2m=[0mfalse
[2m2026-01-28T13:17:46.319188Z[0m [32m INFO[0m [2mkameo_remote::handle[0m[2m:[0m ✅ GOSSIP RETRY: Successfully reconnected to peer [3mpeer[0m[2m=[0m127.0.0.1:12000
[2m2026-01-28T13:17:46.365000Z[0m [32m INFO[0m [2mkameo_remote::handle[0m[2m:[0m 🔄 GOSSIP RETRY: Attempting to reconnect to previously failed peer [3mpeer[0m[2m=[0m127.0.0.1:12000 [3mhas_dns[0m[2m=[0mfalse
[2m2026-01-28T13:17:46.365094Z[0m [32m INFO[0m [2mkameo_remote::handle[0m[2m:[0m ✅ GOSSIP RETRY: Successfully reconnected to peer [3mpeer[0m[2m=[0m127.0.0.1:12000
[2m2026-01-28T13:17:46.491800Z[0m [32m INFO[0m [2mkameo_remote::handle[0m[2m:[0m 🔄 GOSSIP RETRY: Attempting to reconnect to previously failed peer [3mpeer[0m[2m=[0m127.0.0.1:12000 [3mhas_dns[0m[2m=[0mfalse
[2m2026-01-28T13:17:46.492229Z[0m [32m INFO[0m [2mkameo_remote::handle[0m[2m:[0m ✅ GOSSIP RETRY: Successfully reconnected to peer [3mpeer[0m[2m=[0m127.0.0.1:12000
[2m2026-01-28T13:17:46.501455Z[0m [32m INFO[0m [2mkameo_remote::handle[0m[2m:[0m 🔄 GOSSIP RETRY: Attempting to reconnect to previously failed peer [3mpeer[0m[2m=[0m127.0.0.1:12000 [3mhas_dns[0m[2m=[0mfalse
[2m2026-01-28T13:17:46.501696Z[0m [32m INFO[0m [2mkameo_remote::handle[0m[2m:[0m ✅ GOSSIP RETRY: Successfully reconnected to peer [3mpeer[0m[2m=[0m127.0.0.1:12000
[2m2026-01-28T13:17:46.603814Z[0m [32m INFO[0m [2mkameo_remote::handle[0m[2m:[0m 🔄 GOSSIP RETRY: Attempting to reconnect to previously failed peer [3mpeer[0m[2m=[0m127.0.0.1:12000 [3mhas_dns[0m[2m=[0mfalse
[2m2026-01-28T13:17:46.603965Z[0m [32m INFO[0m [2mkameo_remote::handle[0m[2m:[0m ✅ GOSSIP RETRY: Successfully reconnected to peer [3mpeer[0m[2m=[0m127.0.0.1:12000
[2m2026-01-28T13:17:46.615666Z[0m [32m INFO[0m [2mkameo_remote::handle[0m[2m:[0m 🔄 GOSSIP RETRY: Attempting to reconnect to previously failed peer [3mpeer[0m[2m=[0m127.0.0.1:12000 [3mhas_dns[0m[2m=[0mfalse
[2m2026-01-28T13:17:46.615740Z[0m [32m INFO[0m [2mkameo_remote::handle[0m[2m:[0m ✅ GOSSIP RETRY: Successfully reconnected to peer [3mpeer[0m[2m=[0m127.0.0.1:12000
[2m2026-01-28T13:17:46.775630Z[0m [32m INFO[0m [2mkameo_remote::handle[0m[2m:[0m 🔄 GOSSIP RETRY: Attempting to reconnect to previously failed peer [3mpeer[0m[2m=[0m127.0.0.1:12000 [3mhas_dns[0m[2m=[0mfalse
[2m2026-01-28T13:17:46.775715Z[0m [32m INFO[0m [2mkameo_remote::handle[0m[2m:[0m ✅ GOSSIP RETRY: Successfully reconnected to peer [3mpeer[0m[2m=[0m127.0.0.1:12000
[2m2026-01-28T13:17:46.796419Z[0m [32m INFO[0m [2mkameo_remote::handle[0m[2m:[0m 🔄 GOSSIP RETRY: Attempting to reconnect to previously failed peer [3mpeer[0m[2m=[0m127.0.0.1:12000 [3mhas_dns[0m[2m=[0mfalse
[2m2026-01-28T13:17:46.796488Z[0m [32m INFO[0m [2mkameo_remote::handle[0m[2m:[0m ✅ GOSSIP RETRY: Successfully reconnected to peer [3mpeer[0m[2m=[0m127.0.0.1:12000
[2m2026-01-28T13:17:46.895505Z[0m [32m INFO[0m [2mkameo_remote::handle[0m[2m:[0m 🔄 GOSSIP RETRY: Attempting to reconnect to previously failed peer [3mpeer[0m[2m=[0m127.0.0.1:12000 [3mhas_dns[0m[2m=[0mfalse
[2m2026-01-28T13:17:46.895815Z[0m [32m INFO[0m [2mkameo_remote::handle[0m[2m:[0m ✅ GOSSIP RETRY: Successfully reconnected to peer [3mpeer[0m[2m=[0m127.0.0.1:12000
[2m2026-01-28T13:17:46.988314Z[0m [32m INFO[0m [2mkameo_remote::handle[0m[2m:[0m 🔄 GOSSIP RETRY: Attempting to reconnect to previously failed peer [3mpeer[0m[2m=[0m127.0.0.1:12000 [3mhas_dns[0m[2m=[0mfalse
[2m2026-01-28T13:17:46.988496Z[0m [32m INFO[0m [2mkameo_remote::handle[0m[2m:[0m ✅ GOSSIP RETRY: Successfully reconnected to peer [3mpeer[0m[2m=[0m127.0.0.1:12000
[2m2026-01-28T13:17:47.007117Z[0m [32m INFO[0m [2mkameo_remote::handle[0m[2m:[0m 🔄 GOSSIP RETRY: Attempting to reconnect to previously failed peer [3mpeer[0m[2m=[0m127.0.0.1:12000 [3mhas_dns[0m[2m=[0mfalse
[2m2026-01-28T13:17:47.007318Z[0m [32m INFO[0m [2mkameo_remote::handle[0m[2m:[0m ✅ GOSSIP RETRY: Successfully reconnected to peer [3mpeer[0m[2m=[0m127.0.0.1:12000
[2m2026-01-28T13:17:47.118357Z[0m [32m INFO[0m [2mkameo_remote::handle[0m[2m:[0m 🔄 GOSSIP RETRY: Attempting to reconnect to previously failed peer [3mpeer[0m[2m=[0m127.0.0.1:12000 [3mhas_dns[0m[2m=[0mfalse
[2m2026-01-28T13:17:47.118424Z[0m [32m INFO[0m [2mkameo_remote::handle[0m[2m:[0m ✅ GOSSIP RETRY: Successfully reconnected to peer [3mpeer[0m[2m=[0m127.0.0.1:12000
[2m2026-01-28T13:17:47.136656Z[0m [32m INFO[0m [2mkameo_remote::handle[0m[2m:[0m 🔄 GOSSIP RETRY: Attempting to reconnect to previously failed peer [3mpeer[0m[2m=[0m127.0.0.1:12000 [3mhas_dns[0m[2m=[0mfalse
[2m2026-01-28T13:17:47.136732Z[0m [32m INFO[0m [2mkameo_remote::handle[0m[2m:[0m ✅ GOSSIP RETRY: Successfully reconnected to peer [3mpeer[0m[2m=[0m127.0.0.1:12000
[2m2026-01-28T13:17:47.264953Z[0m [32m INFO[0m [2mkameo_remote::handle[0m[2m:[0m 🔄 GOSSIP RETRY: Attempting to reconnect to previously failed peer [3mpeer[0m[2m=[0m127.0.0.1:12000 [3mhas_dns[0m[2m=[0mfalse
[2m2026-01-28T13:17:47.265024Z[0m [32m INFO[0m [2mkameo_remote::handle[0m[2m:[0m ✅ GOSSIP RETRY: Successfully reconnected to peer [3mpeer[0m[2m=[0m127.0.0.1:12000
[2m2026-01-28T13:17:47.319875Z[0m [32m INFO[0m [2mkameo_remote::handle[0m[2m:[0m 🔄 GOSSIP RETRY: Attempting to reconnect to previously failed peer [3mpeer[0m[2m=[0m127.0.0.1:12000 [3mhas_dns[0m[2m=[0mfalse
[2m2026-01-28T13:17:47.319948Z[0m [32m INFO[0m [2mkameo_remote::handle[0m[2m:[0m ✅ GOSSIP RETRY: Successfully reconnected to peer [3mpeer[0m[2m=[0m127.0.0.1:12000
[2m2026-01-28T13:17:47.423383Z[0m [32m INFO[0m [2mkameo_remote::handle[0m[2m:[0m 🔄 GOSSIP RETRY: Attempting to reconnect to previously failed peer [3mpeer[0m[2m=[0m127.0.0.1:12000 [3mhas_dns[0m[2m=[0mfalse
[2m2026-01-28T13:17:47.423453Z[0m [32m INFO[0m [2mkameo_remote::handle[0m[2m:[0m ✅ GOSSIP RETRY: Successfully reconnected to peer [3mpeer[0m[2m=[0m127.0.0.1:12000
[2m2026-01-28T13:17:47.474151Z[0m [32m INFO[0m [2mkameo_remote::handle[0m[2m:[0m 🔄 GOSSIP RETRY: Attempting to reconnect to previously failed peer [3mpeer[0m[2m=[0m127.0.0.1:12000 [3mhas_dns[0m[2m=[0mfalse
[2m2026-01-28T13:17:47.474228Z[0m [32m INFO[0m [2mkameo_remote::handle[0m[2m:[0m ✅ GOSSIP RETRY: Successfully reconnected to peer [3mpeer[0m[2m=[0m127.0.0.1:12000
[2m2026-01-28T13:17:47.571024Z[0m [32m INFO[0m [2mkameo_remote::handle[0m[2m:[0m 🔄 GOSSIP RETRY: Attempting to reconnect to previously failed peer [3mpeer[0m[2m=[0m127.0.0.1:12000 [3mhas_dns[0m[2m=[0mfalse
[2m2026-01-28T13:17:47.571108Z[0m [32m INFO[0m [2mkameo_remote::handle[0m[2m:[0m ✅ GOSSIP RETRY: Successfully reconnected to peer [3mpeer[0m[2m=[0m127.0.0.1:12000
[2m2026-01-28T13:17:47.612940Z[0m [32m INFO[0m [2mkameo_remote::handle[0m[2m:[0m 🔄 GOSSIP RETRY: Attempting to reconnect to previously failed peer [3mpeer[0m[2m=[0m127.0.0.1:12000 [3mhas_dns[0m[2m=[0mfalse
[2m2026-01-28T13:17:47.613024Z[0m [32m INFO[0m [2mkameo_remote::handle[0m[2m:[0m ✅ GOSSIP RETRY: Successfully reconnected to peer [3mpeer[0m[2m=[0m127.0.0.1:12000
[2m2026-01-28T13:17:47.731975Z[0m [32m INFO[0m [2mkameo_remote::handle[0m[2m:[0m 🔄 GOSSIP RETRY: Attempting to reconnect to previously failed peer [3mpeer[0m[2m=[0m127.0.0.1:12000 [3mhas_dns[0m[2m=[0mfalse
[2m2026-01-28T13:17:47.732050Z[0m [32m INFO[0m [2mkameo_remote::handle[0m[2m:[0m ✅ GOSSIP RETRY: Successfully reconnected to peer [3mpeer[0m[2m=[0m127.0.0.1:12000
[2m2026-01-28T13:17:47.774693Z[0m [32m INFO[0m [2mkameo_remote::handle[0m[2m:[0m 🔄 GOSSIP RETRY: Attempting to reconnect to previously failed peer [3mpeer[0m[2m=[0m127.0.0.1:12000 [3mhas_dns[0m[2m=[0mfalse
[2m2026-01-28T13:17:47.774764Z[0m [32m INFO[0m [2mkameo_remote::handle[0m[2m:[0m ✅ GOSSIP RETRY: Successfully reconnected to peer [3mpeer[0m[2m=[0m127.0.0.1:12000
[2m2026-01-28T13:17:47.905052Z[0m [32m INFO[0m [2mkameo_remote::handle[0m[2m:[0m 🔄 GOSSIP RETRY: Attempting to reconnect to previously failed peer [3mpeer[0m[2m=[0m127.0.0.1:12000 [3mhas_dns[0m[2m=[0mfalse
[2m2026-01-28T13:17:47.905332Z[0m [32m INFO[0m [2mkameo_remote::handle[0m[2m:[0m ✅ GOSSIP RETRY: Successfully reconnected to peer [3mpeer[0m[2m=[0m127.0.0.1:12000
[2m2026-01-28T13:17:47.937379Z[0m [32m INFO[0m [2mkameo_remote::handle[0m[2m:[0m 🔄 GOSSIP RETRY: Attempting to reconnect to previously failed peer [3mpeer[0m[2m=[0m127.0.0.1:12000 [3mhas_dns[0m[2m=[0mfalse
[2m2026-01-28T13:17:47.937456Z[0m [32m INFO[0m [2mkameo_remote::handle[0m[2m:[0m ✅ GOSSIP RETRY: Successfully reconnected to peer [3mpeer[0m[2m=[0m127.0.0.1:12000
[2m2026-01-28T13:17:48.080519Z[0m [32m INFO[0m [2mkameo_remote::handle[0m[2m:[0m 🔄 GOSSIP RETRY: Attempting to reconnect to previously failed peer [3mpeer[0m[2m=[0m127.0.0.1:12000 [3mhas_dns[0m[2m=[0mfalse
[2m2026-01-28T13:17:48.080701Z[0m [32m INFO[0m [2mkameo_remote::handle[0m[2m:[0m ✅ GOSSIP RETRY: Successfully reconnected to peer [3mpeer[0m[2m=[0m127.0.0.1:12000
[2m2026-01-28T13:17:48.101597Z[0m [32m INFO[0m [2mkameo_remote::handle[0m[2m:[0m 🔄 GOSSIP RETRY: Attempting to reconnect to previously failed peer [3mpeer[0m[2m=[0m127.0.0.1:12000 [3mhas_dns[0m[2m=[0mfalse
[2m2026-01-28T13:17:48.101687Z[0m [32m INFO[0m [2mkameo_remote::handle[0m[2m:[0m ✅ GOSSIP RETRY: Successfully reconnected to peer [3mpeer[0m[2m=[0m127.0.0.1:12000
[2m2026-01-28T13:17:48.241854Z[0m [32m INFO[0m [2mkameo_remote::handle[0m[2m:[0m 🔄 GOSSIP RETRY: Attempting to reconnect to previously failed peer [3mpeer[0m[2m=[0m127.0.0.1:12000 [3mhas_dns[0m[2m=[0mfalse
[2m2026-01-28T13:17:48.242009Z[0m [32m INFO[0m [2mkameo_remote::handle[0m[2m:[0m ✅ GOSSIP RETRY: Successfully reconnected to peer [3mpeer[0m[2m=[0m127.0.0.1:12000
[2m2026-01-28T13:17:48.273833Z[0m [32m INFO[0m [2mkameo_remote::handle[0m[2m:[0m 🔄 GOSSIP RETRY: Attempting to reconnect to previously failed peer [3mpeer[0m[2m=[0m127.0.0.1:12000 [3mhas_dns[0m[2m=[0mfalse
[2m2026-01-28T13:17:48.274002Z[0m [32m INFO[0m [2mkameo_remote::handle[0m[2m:[0m ✅ GOSSIP RETRY: Successfully reconnected to peer [3mpeer[0m[2m=[0m127.0.0.1:12000
[2m2026-01-28T13:17:48.421840Z[0m [32m INFO[0m [2mkameo_remote::handle[0m[2m:[0m 🔄 GOSSIP RETRY: Attempting to reconnect to previously failed peer [3mpeer[0m[2m=[0m127.0.0.1:12000 [3mhas_dns[0m[2m=[0mfalse
[2m2026-01-28T13:17:48.421993Z[0m [32m INFO[0m [2mkameo_remote::handle[0m[2m:[0m ✅ GOSSIP RETRY: Successfully reconnected to peer [3mpeer[0m[2m=[0m127.0.0.1:12000
[2m2026-01-28T13:17:48.439023Z[0m [32m INFO[0m [2mkameo_remote::handle[0m[2m:[0m 🔄 GOSSIP RETRY: Attempting to reconnect to previously failed peer [3mpeer[0m[2m=[0m127.0.0.1:12000 [3mhas_dns[0m[2m=[0mfalse
[2m2026-01-28T13:17:48.439261Z[0m [32m INFO[0m [2mkameo_remote::handle[0m[2m:[0m ✅ GOSSIP RETRY: Successfully reconnected to peer [3mpeer[0m[2m=[0m127.0.0.1:12000
[2m2026-01-28T13:17:48.549735Z[0m [32m INFO[0m [2mkameo_remote::handle[0m[2m:[0m 🔄 GOSSIP RETRY: Attempting to reconnect to previously failed peer [3mpeer[0m[2m=[0m127.0.0.1:12000 [3mhas_dns[0m[2m=[0mfalse
[2m2026-01-28T13:17:48.549825Z[0m [32m INFO[0m [2mkameo_remote::handle[0m[2m:[0m ✅ GOSSIP RETRY: Successfully reconnected to peer [3mpeer[0m[2m=[0m127.0.0.1:12000
[2m2026-01-28T13:17:48.628680Z[0m [32m INFO[0m [2mkameo_remote::handle[0m[2m:[0m 🔄 GOSSIP RETRY: Attempting to reconnect to previously failed peer [3mpeer[0m[2m=[0m127.0.0.1:12000 [3mhas_dns[0m[2m=[0mfalse
[2m2026-01-28T13:17:48.628763Z[0m [32m INFO[0m [2mkameo_remote::handle[0m[2m:[0m ✅ GOSSIP RETRY: Successfully reconnected to peer [3mpeer[0m[2m=[0m127.0.0.1:12000
[2m2026-01-28T13:17:48.713720Z[0m [32m INFO[0m [2mkameo_remote::handle[0m[2m:[0m 🔄 GOSSIP RETRY: Attempting to reconnect to previously failed peer [3mpeer[0m[2m=[0m127.0.0.1:12000 [3mhas_dns[0m[2m=[0mfalse
[2m2026-01-28T13:17:48.713808Z[0m [32m INFO[0m [2mkameo_remote::handle[0m[2m:[0m ✅ GOSSIP RETRY: Successfully reconnected to peer [3mpeer[0m[2m=[0m127.0.0.1:12000
[2m2026-01-28T13:17:48.808279Z[0m [32m INFO[0m [2mkameo_remote::handle[0m[2m:[0m 🔄 GOSSIP RETRY: Attempting to reconnect to previously failed peer [3mpeer[0m[2m=[0m127.0.0.1:12000 [3mhas_dns[0m[2m=[0mfalse
[2m2026-01-28T13:17:48.808384Z[0m [32m INFO[0m [2mkameo_remote::handle[0m[2m:[0m ✅ GOSSIP RETRY: Successfully reconnected to peer [3mpeer[0m[2m=[0m127.0.0.1:12000
[2m2026-01-28T13:17:48.857667Z[0m [32m INFO[0m [2mkameo_remote::handle[0m[2m:[0m 🔄 GOSSIP RETRY: Attempting to reconnect to previously failed peer [3mpeer[0m[2m=[0m127.0.0.1:12000 [3mhas_dns[0m[2m=[0mfalse
[2m2026-01-28T13:17:48.857757Z[0m [32m INFO[0m [2mkameo_remote::handle[0m[2m:[0m ✅ GOSSIP RETRY: Successfully reconnected to peer [3mpeer[0m[2m=[0m127.0.0.1:12000
[2m2026-01-28T13:17:48.998138Z[0m [32m INFO[0m [2mkameo_remote::handle[0m[2m:[0m 🔄 GOSSIP RETRY: Attempting to reconnect to previously failed peer [3mpeer[0m[2m=[0m127.0.0.1:12000 [3mhas_dns[0m[2m=[0mfalse
[2m2026-01-28T13:17:48.998337Z[0m [32m INFO[0m [2mkameo_remote::handle[0m[2m:[0m ✅ GOSSIP RETRY: Successfully reconnected to peer [3mpeer[0m[2m=[0m127.0.0.1:12000
[2m2026-01-28T13:17:49.046688Z[0m [32m INFO[0m [2mkameo_remote::handle[0m[2m:[0m 🔄 GOSSIP RETRY: Attempting to reconnect to previously failed peer [3mpeer[0m[2m=[0m127.0.0.1:12000 [3mhas_dns[0m[2m=[0mfalse
[2m2026-01-28T13:17:49.046863Z[0m [32m INFO[0m [2mkameo_remote::handle[0m[2m:[0m ✅ GOSSIP RETRY: Successfully reconnected to peer [3mpeer[0m[2m=[0m127.0.0.1:12000
[2m2026-01-28T13:17:49.165797Z[0m [32m INFO[0m [2mkameo_remote::handle[0m[2m:[0m 🔄 GOSSIP RETRY: Attempting to reconnect to previously failed peer [3mpeer[0m[2m=[0m127.0.0.1:12000 [3mhas_dns[0m[2m=[0mfalse
[2m2026-01-28T13:17:49.165880Z[0m [32m INFO[0m [2mkameo_remote::handle[0m[2m:[0m ✅ GOSSIP RETRY: Successfully reconnected to peer [3mpeer[0m[2m=[0m127.0.0.1:12000
[2m2026-01-28T13:17:49.209836Z[0m [32m INFO[0m [2mkameo_remote::handle[0m[2m:[0m 🔄 GOSSIP RETRY: Attempting to reconnect to previously failed peer [3mpeer[0m[2m=[0m127.0.0.1:12000 [3mhas_dns[0m[2m=[0mfalse
[2m2026-01-28T13:17:49.209922Z[0m [32m INFO[0m [2mkameo_remote::handle[0m[2m:[0m ✅ GOSSIP RETRY: Successfully reconnected to peer [3mpeer[0m[2m=[0m127.0.0.1:12000
[2m2026-01-28T13:17:49.300138Z[0m [32m INFO[0m [2mkameo_remote::handle[0m[2m:[0m 🔄 GOSSIP RETRY: Attempting to reconnect to previously failed peer [3mpeer[0m[2m=[0m127.0.0.1:12000 [3mhas_dns[0m[2m=[0mfalse
[2m2026-01-28T13:17:49.300273Z[0m [32m INFO[0m [2mkameo_remote::handle[0m[2m:[0m ✅ GOSSIP RETRY: Successfully reconnected to peer [3mpeer[0m[2m=[0m127.0.0.1:12000
[2m2026-01-28T13:17:49.384801Z[0m [32m INFO[0m [2mkameo_remote::handle[0m[2m:[0m 🔄 GOSSIP RETRY: Attempting to reconnect to previously failed peer [3mpeer[0m[2m=[0m127.0.0.1:12000 [3mhas_dns[0m[2m=[0mfalse
[2m2026-01-28T13:17:49.384875Z[0m [32m INFO[0m [2mkameo_remote::handle[0m[2m:[0m ✅ GOSSIP RETRY: Successfully reconnected to peer [3mpeer[0m[2m=[0m127.0.0.1:12000
[2m2026-01-28T13:17:49.448598Z[0m [32m INFO[0m [2mkameo_remote::handle[0m[2m:[0m 🔄 GOSSIP RETRY: Attempting to reconnect to previously failed peer [3mpeer[0m[2m=[0m127.0.0.1:12000 [3mhas_dns[0m[2m=[0mfalse
[2m2026-01-28T13:17:49.448676Z[0m [32m INFO[0m [2mkameo_remote::handle[0m[2m:[0m ✅ GOSSIP RETRY: Successfully reconnected to peer [3mpeer[0m[2m=[0m127.0.0.1:12000
[2m2026-01-28T13:17:49.529264Z[0m [32m INFO[0m [2mkameo_remote::handle[0m[2m:[0m 🔄 GOSSIP RETRY: Attempting to reconnect to previously failed peer [3mpeer[0m[2m=[0m127.0.0.1:12000 [3mhas_dns[0m[2m=[0mfalse
[2m2026-01-28T13:17:49.529339Z[0m [32m INFO[0m [2mkameo_remote::handle[0m[2m:[0m ✅ GOSSIP RETRY: Successfully reconnected to peer [3mpeer[0m[2m=[0m127.0.0.1:12000
[2m2026-01-28T13:17:49.636610Z[0m [32m INFO[0m [2mkameo_remote::handle[0m[2m:[0m 🔄 GOSSIP RETRY: Attempting to reconnect to previously failed peer [3mpeer[0m[2m=[0m127.0.0.1:12000 [3mhas_dns[0m[2m=[0mfalse
[2m2026-01-28T13:17:49.636685Z[0m [32m INFO[0m [2mkameo_remote::handle[0m[2m:[0m ✅ GOSSIP RETRY: Successfully reconnected to peer [3mpeer[0m[2m=[0m127.0.0.1:12000
[2m2026-01-28T13:17:49.692196Z[0m [32m INFO[0m [2mkameo_remote::handle[0m[2m:[0m 🔄 GOSSIP RETRY: Attempting to reconnect to previously failed peer [3mpeer[0m[2m=[0m127.0.0.1:12000 [3mhas_dns[0m[2m=[0mfalse
[2m2026-01-28T13:17:49.692276Z[0m [32m INFO[0m [2mkameo_remote::handle[0m[2m:[0m ✅ GOSSIP RETRY: Successfully reconnected to peer [3mpeer[0m[2m=[0m127.0.0.1:12000
[2m2026-01-28T13:17:49.804477Z[0m [32m INFO[0m [2mkameo_remote::handle[0m[2m:[0m 🔄 GOSSIP RETRY: Attempting to reconnect to previously failed peer [3mpeer[0m[2m=[0m127.0.0.1:12000 [3mhas_dns[0m[2m=[0mfalse
[2m2026-01-28T13:17:49.804560Z[0m [32m INFO[0m [2mkameo_remote::handle[0m[2m:[0m ✅ GOSSIP RETRY: Successfully reconnected to peer [3mpeer[0m[2m=[0m127.0.0.1:12000
[2m2026-01-28T13:17:49.812115Z[0m [32m INFO[0m [2mkameo_remote::handle[0m[2m:[0m 🔄 GOSSIP RETRY: Attempting to reconnect to previously failed peer [3mpeer[0m[2m=[0m127.0.0.1:12000 [3mhas_dns[0m[2m=[0mfalse
[2m2026-01-28T13:17:49.812178Z[0m [32m INFO[0m [2mkameo_remote::handle[0m[2m:[0m ✅ GOSSIP RETRY: Successfully reconnected to peer [3mpeer[0m[2m=[0m127.0.0.1:12000
[2m2026-01-28T13:17:49.984949Z[0m [32m INFO[0m [2mkameo_remote::handle[0m[2m:[0m 🔄 GOSSIP RETRY: Attempting to reconnect to previously failed peer [3mpeer[0m[2m=[0m127.0.0.1:12000 [3mhas_dns[0m[2m=[0mfalse
[2m2026-01-28T13:17:49.985019Z[0m [32m INFO[0m [2mkameo_remote::handle[0m[2m:[0m ✅ GOSSIP RETRY: Successfully reconnected to peer [3mpeer[0m[2m=[0m127.0.0.1:12000
[2m2026-01-28T13:17:49.999778Z[0m [32m INFO[0m [2mkameo_remote::handle[0m[2m:[0m 🔄 GOSSIP RETRY: Attempting to reconnect to previously failed peer [3mpeer[0m[2m=[0m127.0.0.1:12000 [3mhas_dns[0m[2m=[0mfalse
[2m2026-01-28T13:17:49.999847Z[0m [32m INFO[0m [2mkameo_remote::handle[0m[2m:[0m ✅ GOSSIP RETRY: Successfully reconnected to peer [3mpeer[0m[2m=[0m127.0.0.1:12000
[2m2026-01-28T13:17:50.132978Z[0m [32m INFO[0m [2mkameo_remote::handle[0m[2m:[0m 🔄 GOSSIP RETRY: Attempting to reconnect to previously failed peer [3mpeer[0m[2m=[0m127.0.0.1:12000 [3mhas_dns[0m[2m=[0mfalse
[2m2026-01-28T13:17:50.133043Z[0m [32m INFO[0m [2mkameo_remote::handle[0m[2m:[0m ✅ GOSSIP RETRY: Successfully reconnected to peer [3mpeer[0m[2m=[0m127.0.0.1:12000
[2m2026-01-28T13:17:50.135870Z[0m [32m INFO[0m [2mkameo_remote::handle[0m[2m:[0m 🔄 GOSSIP RETRY: Attempting to reconnect to previously failed peer [3mpeer[0m[2m=[0m127.0.0.1:12000 [3mhas_dns[0m[2m=[0mfalse
[2m2026-01-28T13:17:50.135933Z[0m [32m INFO[0m [2mkameo_remote::handle[0m[2m:[0m ✅ GOSSIP RETRY: Successfully reconnected to peer [3mpeer[0m[2m=[0m127.0.0.1:12000
[2m2026-01-28T13:17:50.253954Z[0m [32m INFO[0m [2mkameo_remote::handle[0m[2m:[0m 🔄 GOSSIP RETRY: Attempting to reconnect to previously failed peer [3mpeer[0m[2m=[0m127.0.0.1:12000 [3mhas_dns[0m[2m=[0mfalse
[2m2026-01-28T13:17:50.254031Z[0m [32m INFO[0m [2mkameo_remote::handle[0m[2m:[0m ✅ GOSSIP RETRY: Successfully reconnected to peer [3mpeer[0m[2m=[0m127.0.0.1:12000
[2m2026-01-28T13:17:50.319577Z[0m [32m INFO[0m [2mkameo_remote::handle[0m[2m:[0m 🔄 GOSSIP RETRY: Attempting to reconnect to previously failed peer [3mpeer[0m[2m=[0m127.0.0.1:12000 [3mhas_dns[0m[2m=[0mfalse
[2m2026-01-28T13:17:50.319645Z[0m [32m INFO[0m [2mkameo_remote::handle[0m[2m:[0m ✅ GOSSIP RETRY: Successfully reconnected to peer [3mpeer[0m[2m=[0m127.0.0.1:12000
[2m2026-01-28T13:17:50.389163Z[0m [32m INFO[0m [2mkameo_remote::handle[0m[2m:[0m 🔄 GOSSIP RETRY: Attempting to reconnect to previously failed peer [3mpeer[0m[2m=[0m127.0.0.1:12000 [3mhas_dns[0m[2m=[0mfalse
[2m2026-01-28T13:17:50.389226Z[0m [32m INFO[0m [2mkameo_remote::handle[0m[2m:[0m ✅ GOSSIP RETRY: Successfully reconnected to peer [3mpeer[0m[2m=[0m127.0.0.1:12000
[2m2026-01-28T13:17:50.494082Z[0m [32m INFO[0m [2mkameo_remote::handle[0m[2m:[0m 🔄 GOSSIP RETRY: Attempting to reconnect to previously failed peer [3mpeer[0m[2m=[0m127.0.0.1:12000 [3mhas_dns[0m[2m=[0mfalse
[2m2026-01-28T13:17:50.494155Z[0m [32m INFO[0m [2mkameo_remote::handle[0m[2m:[0m ✅ GOSSIP RETRY: Successfully reconnected to peer [3mpeer[0m[2m=[0m127.0.0.1:12000
[2m2026-01-28T13:17:50.574973Z[0m [32m INFO[0m [2mkameo_remote::handle[0m[2m:[0m 🔄 GOSSIP RETRY: Attempting to reconnect to previously failed peer [3mpeer[0m[2m=[0m127.0.0.1:12000 [3mhas_dns[0m[2m=[0mfalse
[2m2026-01-28T13:17:50.575069Z[0m [32m INFO[0m [2mkameo_remote::handle[0m[2m:[0m ✅ GOSSIP RETRY: Successfully reconnected to peer [3mpeer[0m[2m=[0m127.0.0.1:12000
[2m2026-01-28T13:17:50.646892Z[0m [32m INFO[0m [2mkameo_remote::handle[0m[2m:[0m 🔄 GOSSIP RETRY: Attempting to reconnect to previously failed peer [3mpeer[0m[2m=[0m127.0.0.1:12000 [3mhas_dns[0m[2m=[0mfalse
[2m2026-01-28T13:17:50.646971Z[0m [32m INFO[0m [2mkameo_remote::handle[0m[2m:[0m ✅ GOSSIP RETRY: Successfully reconnected to peer [3mpeer[0m[2m=[0m127.0.0.1:12000
[2m2026-01-28T13:17:50.694770Z[0m [32m INFO[0m [2mkameo_remote::handle[0m[2m:[0m 🔄 GOSSIP RETRY: Attempting to reconnect to previously failed peer [3mpeer[0m[2m=[0m127.0.0.1:12000 [3mhas_dns[0m[2m=[0mfalse
[2m2026-01-28T13:17:50.694847Z[0m [32m INFO[0m [2mkameo_remote::handle[0m[2m:[0m ✅ GOSSIP RETRY: Successfully reconnected to peer [3mpeer[0m[2m=[0m127.0.0.1:12000
[2m2026-01-28T13:17:50.834501Z[0m [32m INFO[0m [2mkameo_remote::handle[0m[2m:[0m 🔄 GOSSIP RETRY: Attempting to reconnect to previously failed peer [3mpeer[0m[2m=[0m127.0.0.1:12000 [3mhas_dns[0m[2m=[0mfalse
[2m2026-01-28T13:17:50.834588Z[0m [32m INFO[0m [2mkameo_remote::handle[0m[2m:[0m ✅ GOSSIP RETRY: Successfully reconnected to peer [3mpeer[0m[2m=[0m127.0.0.1:12000
[2m2026-01-28T13:17:50.862474Z[0m [32m INFO[0m [2mkameo_remote::handle[0m[2m:[0m 🔄 GOSSIP RETRY: Attempting to reconnect to previously failed peer [3mpeer[0m[2m=[0m127.0.0.1:12000 [3mhas_dns[0m[2m=[0mfalse
[2m2026-01-28T13:17:50.862550Z[0m [32m INFO[0m [2mkameo_remote::handle[0m[2m:[0m ✅ GOSSIP RETRY: Successfully reconnected to peer [3mpeer[0m[2m=[0m127.0.0.1:12000
test test_tls_reconnection ... ok

test result: ok. 1 passed; 0 failed; 0 ignored; 0 measured; 7 filtered out; finished in 14.01s

